###############################################################################
#
# IAR ELF Linker V8.30.1.114/W32 for ARM                  12/Aug/2018  15:16:25
# Copyright 2007-2018 IAR Systems AB.
#
#    Output file  =  
#        C:\Users\ankita003\Documents\CE4053\ce4053\Micrium\Software\EvalBoards\TI\LM3S9B92-EVALBOT\IAR\uCOS-III-CE4053_PG\Flash\Exe\uCOS-III-Ex4.out
#    Map file     =  
#        C:\Users\ankita003\Documents\CE4053\ce4053\Micrium\Software\EvalBoards\TI\LM3S9B92-EVALBOT\IAR\uCOS-III-CE4053_PG\Flash\List\uCOS-III-Ex4.map
#    Command line =  
#        -f C:\Users\ANKITA~1\AppData\Local\Temp\EW86A2.tmp
#        (C:\Users\ankita003\Documents\CE4053\ce4053\Micrium\Software\EvalBoards\TI\LM3S9B92-EVALBOT\IAR\uCOS-III-CE4053_PG\Flash\Obj\adc.o
#        C:\Users\ankita003\Documents\CE4053\ce4053\Micrium\Software\EvalBoards\TI\LM3S9B92-EVALBOT\IAR\uCOS-III-CE4053_PG\Flash\Obj\app.o
#        C:\Users\ankita003\Documents\CE4053\ce4053\Micrium\Software\EvalBoards\TI\LM3S9B92-EVALBOT\IAR\uCOS-III-CE4053_PG\Flash\Obj\app_vect.o
#        C:\Users\ankita003\Documents\CE4053\ce4053\Micrium\Software\EvalBoards\TI\LM3S9B92-EVALBOT\IAR\uCOS-III-CE4053_PG\Flash\Obj\bsp.o
#        C:\Users\ankita003\Documents\CE4053\ce4053\Micrium\Software\EvalBoards\TI\LM3S9B92-EVALBOT\IAR\uCOS-III-CE4053_PG\Flash\Obj\bsp_dac.o
#        C:\Users\ankita003\Documents\CE4053\ce4053\Micrium\Software\EvalBoards\TI\LM3S9B92-EVALBOT\IAR\uCOS-III-CE4053_PG\Flash\Obj\bsp_display.o
#        C:\Users\ankita003\Documents\CE4053\ce4053\Micrium\Software\EvalBoards\TI\LM3S9B92-EVALBOT\IAR\uCOS-III-CE4053_PG\Flash\Obj\bsp_int.o
#        C:\Users\ankita003\Documents\CE4053\ce4053\Micrium\Software\EvalBoards\TI\LM3S9B92-EVALBOT\IAR\uCOS-III-CE4053_PG\Flash\Obj\bsp_io.o
#        C:\Users\ankita003\Documents\CE4053\ce4053\Micrium\Software\EvalBoards\TI\LM3S9B92-EVALBOT\IAR\uCOS-III-CE4053_PG\Flash\Obj\bsp_motor.o
#        C:\Users\ankita003\Documents\CE4053\ce4053\Micrium\Software\EvalBoards\TI\LM3S9B92-EVALBOT\IAR\uCOS-III-CE4053_PG\Flash\Obj\bsp_sensors.o
#        C:\Users\ankita003\Documents\CE4053\ce4053\Micrium\Software\EvalBoards\TI\LM3S9B92-EVALBOT\IAR\uCOS-III-CE4053_PG\Flash\Obj\can.o
#        C:\Users\ankita003\Documents\CE4053\ce4053\Micrium\Software\EvalBoards\TI\LM3S9B92-EVALBOT\IAR\uCOS-III-CE4053_PG\Flash\Obj\comp.o
#        C:\Users\ankita003\Documents\CE4053\ce4053\Micrium\Software\EvalBoards\TI\LM3S9B92-EVALBOT\IAR\uCOS-III-CE4053_PG\Flash\Obj\cpu_.o
#        C:\Users\ankita003\Documents\CE4053\ce4053\Micrium\Software\EvalBoards\TI\LM3S9B92-EVALBOT\IAR\uCOS-III-CE4053_PG\Flash\Obj\cpu_a.o
#        C:\Users\ankita003\Documents\CE4053\ce4053\Micrium\Software\EvalBoards\TI\LM3S9B92-EVALBOT\IAR\uCOS-III-CE4053_PG\Flash\Obj\cpu_bsp.o
#        C:\Users\ankita003\Documents\CE4053\ce4053\Micrium\Software\EvalBoards\TI\LM3S9B92-EVALBOT\IAR\uCOS-III-CE4053_PG\Flash\Obj\cpu_c.o
#        C:\Users\ankita003\Documents\CE4053\ce4053\Micrium\Software\EvalBoards\TI\LM3S9B92-EVALBOT\IAR\uCOS-III-CE4053_PG\Flash\Obj\cpu_core.o
#        C:\Users\ankita003\Documents\CE4053\ce4053\Micrium\Software\EvalBoards\TI\LM3S9B92-EVALBOT\IAR\uCOS-III-CE4053_PG\Flash\Obj\epi.o
#        C:\Users\ankita003\Documents\CE4053\ce4053\Micrium\Software\EvalBoards\TI\LM3S9B92-EVALBOT\IAR\uCOS-III-CE4053_PG\Flash\Obj\ethernet.o
#        C:\Users\ankita003\Documents\CE4053\ce4053\Micrium\Software\EvalBoards\TI\LM3S9B92-EVALBOT\IAR\uCOS-III-CE4053_PG\Flash\Obj\fatfs.o
#        C:\Users\ankita003\Documents\CE4053\ce4053\Micrium\Software\EvalBoards\TI\LM3S9B92-EVALBOT\IAR\uCOS-III-CE4053_PG\Flash\Obj\flash.o
#        C:\Users\ankita003\Documents\CE4053\ce4053\Micrium\Software\EvalBoards\TI\LM3S9B92-EVALBOT\IAR\uCOS-III-CE4053_PG\Flash\Obj\gpio.o
#        C:\Users\ankita003\Documents\CE4053\ce4053\Micrium\Software\EvalBoards\TI\LM3S9B92-EVALBOT\IAR\uCOS-III-CE4053_PG\Flash\Obj\hibernate.o
#        C:\Users\ankita003\Documents\CE4053\ce4053\Micrium\Software\EvalBoards\TI\LM3S9B92-EVALBOT\IAR\uCOS-III-CE4053_PG\Flash\Obj\i2c.o
#        C:\Users\ankita003\Documents\CE4053\ce4053\Micrium\Software\EvalBoards\TI\LM3S9B92-EVALBOT\IAR\uCOS-III-CE4053_PG\Flash\Obj\i2s.o
#        C:\Users\ankita003\Documents\CE4053\ce4053\Micrium\Software\EvalBoards\TI\LM3S9B92-EVALBOT\IAR\uCOS-III-CE4053_PG\Flash\Obj\interrupt.o
#        C:\Users\ankita003\Documents\CE4053\ce4053\Micrium\Software\EvalBoards\TI\LM3S9B92-EVALBOT\IAR\uCOS-III-CE4053_PG\Flash\Obj\lib_ascii.o
#        C:\Users\ankita003\Documents\CE4053\ce4053\Micrium\Software\EvalBoards\TI\LM3S9B92-EVALBOT\IAR\uCOS-III-CE4053_PG\Flash\Obj\lib_math.o
#        C:\Users\ankita003\Documents\CE4053\ce4053\Micrium\Software\EvalBoards\TI\LM3S9B92-EVALBOT\IAR\uCOS-III-CE4053_PG\Flash\Obj\lib_mem.o
#        C:\Users\ankita003\Documents\CE4053\ce4053\Micrium\Software\EvalBoards\TI\LM3S9B92-EVALBOT\IAR\uCOS-III-CE4053_PG\Flash\Obj\lib_str.o
#        C:\Users\ankita003\Documents\CE4053\ce4053\Micrium\Software\EvalBoards\TI\LM3S9B92-EVALBOT\IAR\uCOS-III-CE4053_PG\Flash\Obj\microsd.o
#        C:\Users\ankita003\Documents\CE4053\ce4053\Micrium\Software\EvalBoards\TI\LM3S9B92-EVALBOT\IAR\uCOS-III-CE4053_PG\Flash\Obj\mpu.o
#        C:\Users\ankita003\Documents\CE4053\ce4053\Micrium\Software\EvalBoards\TI\LM3S9B92-EVALBOT\IAR\uCOS-III-CE4053_PG\Flash\Obj\os_app_hooks.o
#        C:\Users\ankita003\Documents\CE4053\ce4053\Micrium\Software\EvalBoards\TI\LM3S9B92-EVALBOT\IAR\uCOS-III-CE4053_PG\Flash\Obj\os_cfg_app.o
#        C:\Users\ankita003\Documents\CE4053\ce4053\Micrium\Software\EvalBoards\TI\LM3S9B92-EVALBOT\IAR\uCOS-III-CE4053_PG\Flash\Obj\os_core.o
#        C:\Users\ankita003\Documents\CE4053\ce4053\Micrium\Software\EvalBoards\TI\LM3S9B92-EVALBOT\IAR\uCOS-III-CE4053_PG\Flash\Obj\os_cpu_a.o
#        C:\Users\ankita003\Documents\CE4053\ce4053\Micrium\Software\EvalBoards\TI\LM3S9B92-EVALBOT\IAR\uCOS-III-CE4053_PG\Flash\Obj\os_cpu_c.o
#        C:\Users\ankita003\Documents\CE4053\ce4053\Micrium\Software\EvalBoards\TI\LM3S9B92-EVALBOT\IAR\uCOS-III-CE4053_PG\Flash\Obj\os_dbg.o
#        C:\Users\ankita003\Documents\CE4053\ce4053\Micrium\Software\EvalBoards\TI\LM3S9B92-EVALBOT\IAR\uCOS-III-CE4053_PG\Flash\Obj\os_flag.o
#        C:\Users\ankita003\Documents\CE4053\ce4053\Micrium\Software\EvalBoards\TI\LM3S9B92-EVALBOT\IAR\uCOS-III-CE4053_PG\Flash\Obj\os_int.o
#        C:\Users\ankita003\Documents\CE4053\ce4053\Micrium\Software\EvalBoards\TI\LM3S9B92-EVALBOT\IAR\uCOS-III-CE4053_PG\Flash\Obj\os_mem.o
#        C:\Users\ankita003\Documents\CE4053\ce4053\Micrium\Software\EvalBoards\TI\LM3S9B92-EVALBOT\IAR\uCOS-III-CE4053_PG\Flash\Obj\os_msg.o
#        C:\Users\ankita003\Documents\CE4053\ce4053\Micrium\Software\EvalBoards\TI\LM3S9B92-EVALBOT\IAR\uCOS-III-CE4053_PG\Flash\Obj\os_mutex.o
#        C:\Users\ankita003\Documents\CE4053\ce4053\Micrium\Software\EvalBoards\TI\LM3S9B92-EVALBOT\IAR\uCOS-III-CE4053_PG\Flash\Obj\os_pend_multi.o
#        C:\Users\ankita003\Documents\CE4053\ce4053\Micrium\Software\EvalBoards\TI\LM3S9B92-EVALBOT\IAR\uCOS-III-CE4053_PG\Flash\Obj\os_prio.o
#        C:\Users\ankita003\Documents\CE4053\ce4053\Micrium\Software\EvalBoards\TI\LM3S9B92-EVALBOT\IAR\uCOS-III-CE4053_PG\Flash\Obj\os_q.o
#        C:\Users\ankita003\Documents\CE4053\ce4053\Micrium\Software\EvalBoards\TI\LM3S9B92-EVALBOT\IAR\uCOS-III-CE4053_PG\Flash\Obj\os_sem.o
#        C:\Users\ankita003\Documents\CE4053\ce4053\Micrium\Software\EvalBoards\TI\LM3S9B92-EVALBOT\IAR\uCOS-III-CE4053_PG\Flash\Obj\os_stat.o
#        C:\Users\ankita003\Documents\CE4053\ce4053\Micrium\Software\EvalBoards\TI\LM3S9B92-EVALBOT\IAR\uCOS-III-CE4053_PG\Flash\Obj\os_task.o
#        C:\Users\ankita003\Documents\CE4053\ce4053\Micrium\Software\EvalBoards\TI\LM3S9B92-EVALBOT\IAR\uCOS-III-CE4053_PG\Flash\Obj\os_tick.o
#        C:\Users\ankita003\Documents\CE4053\ce4053\Micrium\Software\EvalBoards\TI\LM3S9B92-EVALBOT\IAR\uCOS-III-CE4053_PG\Flash\Obj\os_time.o
#        C:\Users\ankita003\Documents\CE4053\ce4053\Micrium\Software\EvalBoards\TI\LM3S9B92-EVALBOT\IAR\uCOS-III-CE4053_PG\Flash\Obj\os_tmr.o
#        C:\Users\ankita003\Documents\CE4053\ce4053\Micrium\Software\EvalBoards\TI\LM3S9B92-EVALBOT\IAR\uCOS-III-CE4053_PG\Flash\Obj\os_var.o
#        C:\Users\ankita003\Documents\CE4053\ce4053\Micrium\Software\EvalBoards\TI\LM3S9B92-EVALBOT\IAR\uCOS-III-CE4053_PG\Flash\Obj\pwm.o
#        C:\Users\ankita003\Documents\CE4053\ce4053\Micrium\Software\EvalBoards\TI\LM3S9B92-EVALBOT\IAR\uCOS-III-CE4053_PG\Flash\Obj\qei.o
#        C:\Users\ankita003\Documents\CE4053\ce4053\Micrium\Software\EvalBoards\TI\LM3S9B92-EVALBOT\IAR\uCOS-III-CE4053_PG\Flash\Obj\ssi.o
#        C:\Users\ankita003\Documents\CE4053\ce4053\Micrium\Software\EvalBoards\TI\LM3S9B92-EVALBOT\IAR\uCOS-III-CE4053_PG\Flash\Obj\sysctl.o
#        C:\Users\ankita003\Documents\CE4053\ce4053\Micrium\Software\EvalBoards\TI\LM3S9B92-EVALBOT\IAR\uCOS-III-CE4053_PG\Flash\Obj\systick.o
#        C:\Users\ankita003\Documents\CE4053\ce4053\Micrium\Software\EvalBoards\TI\LM3S9B92-EVALBOT\IAR\uCOS-III-CE4053_PG\Flash\Obj\timer.o
#        C:\Users\ankita003\Documents\CE4053\ce4053\Micrium\Software\EvalBoards\TI\LM3S9B92-EVALBOT\IAR\uCOS-III-CE4053_PG\Flash\Obj\uart.o
#        C:\Users\ankita003\Documents\CE4053\ce4053\Micrium\Software\EvalBoards\TI\LM3S9B92-EVALBOT\IAR\uCOS-III-CE4053_PG\Flash\Obj\udma.o
#        C:\Users\ankita003\Documents\CE4053\ce4053\Micrium\Software\EvalBoards\TI\LM3S9B92-EVALBOT\IAR\uCOS-III-CE4053_PG\Flash\Obj\usb.o
#        C:\Users\ankita003\Documents\CE4053\ce4053\Micrium\Software\EvalBoards\TI\LM3S9B92-EVALBOT\IAR\uCOS-III-CE4053_PG\Flash\Obj\watchdog.o
#        --redirect _Printf=_PrintfFull --redirect _Scanf=_ScanfFull
#        --no_out_extension -o
#        C:\Users\ankita003\Documents\CE4053\ce4053\Micrium\Software\EvalBoards\TI\LM3S9B92-EVALBOT\IAR\uCOS-III-CE4053_PG\Flash\Exe\uCOS-III-Ex4.out
#        --map
#        C:\Users\ankita003\Documents\CE4053\ce4053\Micrium\Software\EvalBoards\TI\LM3S9B92-EVALBOT\IAR\uCOS-III-CE4053_PG\Flash\List\uCOS-III-Ex4.map
#        --config
#        C:\Users\ankita003\Documents\CE4053\ce4053\Micrium\Software\EvalBoards\TI\LM3S9B92-EVALBOT\IAR\uCOS-III-CE4053_PG\..\BSP\LM3S9B92_Flash.icf
#        --semihosting --entry __iar_program_start --vfe --text_out locale)
#
###############################################################################

*******************************************************************************
*** RUNTIME MODEL ATTRIBUTES
***

CppFlavor       = *
__SystemLibrary = DLib
__dlib_version  = 6


*******************************************************************************
*** HEAP SELECTION
***

The basic heap was selected because some modules are built with
size limitations (and not runtime checking), and --advanced_heap
was not specified.


*******************************************************************************
*** PLACEMENT SUMMARY
***

"A0":  place at start of [from 0x0 to 0x3'ffff] { ro section .intvec };
"P1":  place in [from 0x0 to 0x3'ffff] { ro };
"P2":  place in [from 0x0 to 0x3'ffff] { section wave_1 };
"P3":  place in [from 0x0 to 0x3'ffff] { section wave_2 };
"P4":  place in [from 0x0 to 0x3'ffff] { section wave_3 };
"P5":  place in [from 0x0 to 0x3'ffff] { section wave_4 };
"P6":  place in [from 0x0 to 0x3'ffff] { section wave_5 };
define block HEAP with size = 0M, alignment = 8 { };
define block CSTACK with size = 1K, alignment = 8 { };
"P7":  place in [from 0x2000'0000 to 0x2001'7fff] {
          rw, block HEAP, block CSTACK };
initialize by copy { rw };

No sections matched the following patterns:

  section wave_1  in "P1-P6"
  section wave_2  in "P1-P6"
  section wave_3  in "P1-P6"
  section wave_4  in "P1-P6"
  section wave_5  in "P1-P6"


  Section            Kind         Address    Size  Object
  -------            ----         -------    ----  ------
"A0":                                       0x11c
  .intvec            const            0x0   0x11c  app_vect.o [1]
                                  - 0x11c   0x11c

"P1-P6":                                   0x3856
  .text              ro code        0x11c   0x852  os_core.o [1]
  .text              ro code        0x96e    0x3a  zero_init3.o [4]
  .text              ro code        0x9a8   0x140  os_cpu_c.o [1]
  .text              ro code        0xae8    0x90  os_prio.o [1]
  .text              ro code        0xb78   0x5a4  os_task.o [1]
  .text              ro code       0x111c   0x3c4  os_tick.o [1]
  .text              ro code       0x14e0    0xc4  os_msg.o [1]
  .text              ro code       0x15a4    0x1c  os_mutex.o [1]
  .text              ro code       0x15c0    0x1c  os_q.o [1]
  .text              ro code       0x15dc   0x2dc  os_tmr.o [1]
  .text              ro code       0x18b8   0x16c  os_dbg.o [1]
  .text              ro code       0x1a24    0xac  os_cfg_app.o [1]
  CODE               ro code       0x1ad0    0x2a  cpu_a.o [1]
  .rodata            const         0x1afa     0x2  os_cfg_app.o [1]
  .text              ro code       0x1afc   0x188  cpu_core.o [1]
  CODE               ro code       0x1c84    0x84  os_cpu_a.o [1]
  .text              ro code       0x1d08    0x24  cpu_bsp.o [1]
  .text              ro code       0x1d2c    0x44  os_time.o [1]
  .text              ro code       0x1d70    0x60  lib_mem.o [1]
  .text              ro code       0x1dd0    0xa8  bsp.o [1]
  .text              ro code       0x1e78   0x414  sysctl.o [1]
  .text              ro code       0x228c   0x256  bsp_int.o [1]
  .rodata            const         0x24e2     0x2  os_cfg_app.o [1]
  .text              ro code       0x24e4   0x258  bsp_display.o [1]
  .text              ro code       0x273c    0xcc  bsp_io.o [1]
  .text              ro code       0x2808   0x164  bsp_sensors.o [1]
  .text              ro code       0x296c   0x208  bsp_motor.o [1]
  .text              ro code       0x2b74   0x138  cpu_c.o [1]
  .text              ro code       0x2cac    0xc2  i2c.o [1]
  .rodata            const         0x2d6e     0x2  os_cfg_app.o [1]
  .text              ro code       0x2d70   0x368  gpio.o [1]
  .text              ro code       0x30d8    0xf2  pwm.o [1]
  .rodata            const         0x31ca     0x2  os_dbg.o [1]
  .text              ro code       0x31cc   0x378  app.o [1]
  .rodata            const         0x3544    0x5c  sysctl.o [1]
  .rodata            const         0x35a0    0x50  bsp_display.o [1]
  .rodata            const         0x35f0    0x48  gpio.o [1]
  .rodata            const         0x3638    0x34  os_dbg.o [1]
  .rodata            const         0x366c    0x30  os_dbg.o [1]
  .rodata            const         0x369c    0x2c  os_dbg.o [1]
  .text              ro code       0x36c8    0x2c  copy_init3.o [4]
  .rodata            const         0x36f4    0x28  os_dbg.o [1]
  .rodata            const         0x371c    0x28  os_dbg.o [1]
  .text              ro code       0x3744    0x28  data_init.o [4]
  .iar.init_table    const         0x376c    0x24  - Linker created -
  .rodata            const         0x3790    0x20  os_dbg.o [1]
  .text              ro code       0x37b0    0x1e  cmain.o [4]
  .text              ro code       0x37ce     0x4  low_level_init.o [2]
  .text              ro code       0x37d2     0x4  exit.o [2]
  .rodata            const         0x37d6     0x2  os_dbg.o [1]
  .text              ro code       0x37d8     0xa  cexit.o [4]
  .rodata            const         0x37e2     0x2  os_dbg.o [1]
  .text              ro code       0x37e4    0x14  exit.o [5]
  .rodata            const         0x37f8    0x18  os_tmr.o [1]
  .rodata            const         0x3810    0x14  os_core.o [1]
  .rodata            const         0x3824    0x14  os_tick.o [1]
  .rodata            const         0x3838    0x10  app.o [1]
  .rodata            const         0x3848    0x10  app.o [1]
  .rodata            const         0x3858    0x10  app.o [1]
  .rodata            const         0x3868     0xc  os_core.o [1]
  .rodata            const         0x3874     0xc  sysctl.o [1]
  .rodata            const         0x3880     0xc  sysctl.o [1]
  .text              ro code       0x388c     0xc  app_vect.o [1]
  .text              ro code       0x3898     0xc  cstartup_M.o [4]
  .rodata            const         0x38a4     0x8  bsp_display.o [1]
  .rodata            const         0x38ac     0x8  bsp_display.o [1]
  .rodata            const         0x38b4     0x8  os_core.o [1]
  .rodata            const         0x38bc     0x8  os_task.o [1]
  .rodata            const         0x38c4     0x4  os_cfg_app.o [1]
  .rodata            const         0x38c8     0x4  os_cfg_app.o [1]
  .rodata            const         0x38cc     0x4  os_cfg_app.o [1]
  .rodata            const         0x38d0     0x4  os_cfg_app.o [1]
  .rodata            const         0x38d4     0x4  os_cfg_app.o [1]
  .rodata            const         0x38d8     0x4  os_cfg_app.o [1]
  .rodata            const         0x38dc     0x4  os_cfg_app.o [1]
  .rodata            const         0x38e0     0x4  os_cfg_app.o [1]
  .rodata            const         0x38e4     0x4  os_cfg_app.o [1]
  .rodata            const         0x38e8     0x4  os_cfg_app.o [1]
  .rodata            const         0x38ec     0x4  os_cfg_app.o [1]
  .rodata            const         0x38f0     0x4  os_cfg_app.o [1]
  .rodata            const         0x38f4     0x4  os_cfg_app.o [1]
  .rodata            const         0x38f8     0x4  os_cfg_app.o [1]
  .rodata            const         0x38fc     0x4  os_cfg_app.o [1]
  .rodata            const         0x3900     0x4  os_cfg_app.o [1]
  .rodata            const         0x3904     0x4  os_cfg_app.o [1]
  .rodata            const         0x3908     0x4  os_cfg_app.o [1]
  .rodata            const         0x390c     0x4  os_cfg_app.o [1]
  .rodata            const         0x3910     0x4  os_cfg_app.o [1]
  .rodata            const         0x3914     0x4  os_cfg_app.o [1]
  .rodata            const         0x3918     0x4  os_cfg_app.o [1]
  .rodata            const         0x391c     0x4  os_cfg_app.o [1]
  .rodata            const         0x3920     0x4  os_dbg.o [1]
  .rodata            const         0x3924     0x4  os_dbg.o [1]
  .rodata            const         0x3928     0x4  os_dbg.o [1]
  Initializer bytes  const         0x392c     0x4  <for P7-1>
  .rodata            const         0x3930     0x2  os_dbg.o [1]
  .rodata            const         0x3932     0x2  os_dbg.o [1]
  .rodata            const         0x3934     0x2  os_dbg.o [1]
  .rodata            const         0x3936     0x2  os_dbg.o [1]
  .rodata            const         0x3938     0x2  os_dbg.o [1]
  .rodata            const         0x393a     0x2  os_dbg.o [1]
  .rodata            const         0x393c     0x2  os_dbg.o [1]
  .rodata            const         0x393e     0x2  os_dbg.o [1]
  .rodata            const         0x3940     0x2  os_dbg.o [1]
  .rodata            const         0x3942     0x2  os_dbg.o [1]
  .rodata            const         0x3944     0x2  os_dbg.o [1]
  .rodata            const         0x3946     0x2  os_dbg.o [1]
  .rodata            const         0x3948     0x2  os_dbg.o [1]
  .rodata            const         0x394a     0x2  os_dbg.o [1]
  .rodata            const         0x394c     0x2  os_dbg.o [1]
  .rodata            const         0x394e     0x2  os_dbg.o [1]
  .rodata            const         0x3950     0x1  os_cfg_app.o [1]
  .rodata            const         0x3951     0x1  os_cfg_app.o [1]
  .rodata            const         0x3952     0x1  os_dbg.o [1]
  .rodata            const         0x3953     0x1  os_dbg.o [1]
  .rodata            const         0x3954     0x1  os_dbg.o [1]
  .rodata            const         0x3955     0x1  os_dbg.o [1]
  .rodata            const         0x3956     0x1  os_dbg.o [1]
  .rodata            const         0x3957     0x1  os_dbg.o [1]
  .rodata            const         0x3958     0x1  os_dbg.o [1]
  .rodata            const         0x3959     0x1  os_dbg.o [1]
  .rodata            const         0x395a     0x1  os_dbg.o [1]
  .rodata            const         0x395b     0x1  os_dbg.o [1]
  .rodata            const         0x395c     0x1  os_dbg.o [1]
  .rodata            const         0x395d     0x1  os_dbg.o [1]
  .rodata            const         0x395e     0x1  os_dbg.o [1]
  .rodata            const         0x395f     0x1  os_dbg.o [1]
  .rodata            const         0x3960     0x1  os_dbg.o [1]
  .rodata            const         0x3961     0x1  os_dbg.o [1]
  .rodata            const         0x3962     0x1  os_dbg.o [1]
  .rodata            const         0x3963     0x1  os_dbg.o [1]
  .rodata            const         0x3964     0x1  os_dbg.o [1]
  .rodata            const         0x3965     0x1  os_dbg.o [1]
  .rodata            const         0x3966     0x1  os_dbg.o [1]
  .rodata            const         0x3967     0x1  os_dbg.o [1]
  .rodata            const         0x3968     0x1  os_dbg.o [1]
  .rodata            const         0x3969     0x1  os_dbg.o [1]
  .rodata            const         0x396a     0x1  os_dbg.o [1]
  .rodata            const         0x396b     0x1  os_dbg.o [1]
  .rodata            const         0x396c     0x1  os_dbg.o [1]
  .rodata            const         0x396d     0x1  os_dbg.o [1]
  .rodata            const         0x396e     0x1  os_dbg.o [1]
  .rodata            const         0x396f     0x1  os_dbg.o [1]
  .rodata            const         0x3970     0x1  os_dbg.o [1]
  .rodata            const         0x3971     0x1  os_dbg.o [1]
  .rodata            const         0x3972     0x0  zero_init3.o [4]
  .rodata            const         0x3972     0x0  copy_init3.o [4]
                                 - 0x3972  0x3856

"P7", part 1 of 3:                            0x4
  P7-1                        0x2000'0000     0x4  <Init block>
    .data            inited   0x2000'0000     0x4  app.o [1]
                            - 0x2000'0004     0x4

"P7", part 2 of 3:                         0x1af8
  .bss               zero     0x2000'0004   0x640  os_cfg_app.o [1]
  .bss               zero     0x2000'0644   0x200  app.o [1]
  .bss               zero     0x2000'0844   0x200  app.o [1]
  .bss               zero     0x2000'0a44   0x200  app.o [1]
  .bss               zero     0x2000'0c44   0x200  os_cfg_app.o [1]
  .bss               zero     0x2000'0e44   0x200  os_cfg_app.o [1]
  .bss               zero     0x2000'1044   0x200  os_cfg_app.o [1]
  .bss               zero     0x2000'1244   0x200  os_cfg_app.o [1]
  .bss               zero     0x2000'1444   0x118  bsp_int.o [1]
  .bss               zero     0x2000'155c    0xf0  os_var.o [1]
  .bss               zero     0x2000'164c    0x8c  app.o [1]
  .bss               zero     0x2000'16d8    0x8c  app.o [1]
  .bss               zero     0x2000'1764    0x8c  app.o [1]
  .bss               zero     0x2000'17f0    0x8c  os_var.o [1]
  .bss               zero     0x2000'187c    0x8c  os_var.o [1]
  .bss               zero     0x2000'1908    0x8c  os_var.o [1]
  .bss               zero     0x2000'1994    0x68  os_cfg_app.o [1]
  .bss               zero     0x2000'19fc    0x68  os_cfg_app.o [1]
  .bss               zero     0x2000'1a64    0x10  cpu_core.o [1]
  .bss               zero     0x2000'1a74     0x8  os_var.o [1]
  .bss               zero     0x2000'1a7c     0x4  bsp.o [1]
  .bss               zero     0x2000'1a80     0x4  bsp_display.o [1]
  .bss               zero     0x2000'1a84     0x4  cpu_core.o [1]
  .bss               zero     0x2000'1a88     0x4  cpu_core.o [1]
  .bss               zero     0x2000'1a8c     0x4  cpu_core.o [1]
  .bss               zero     0x2000'1a90     0x4  cpu_core.o [1]
  .bss               zero     0x2000'1a94     0x4  cpu_core.o [1]
  .bss               zero     0x2000'1a98     0x4  cpu_core.o [1]
  .bss               zero     0x2000'1a9c     0x4  os_cpu_c.o [1]
  .bss               zero     0x2000'1aa0     0x4  os_prio.o [1]
  .bss               zero     0x2000'1aa4     0x4  os_var.o [1]
  .bss               zero     0x2000'1aa8     0x4  os_var.o [1]
  .bss               zero     0x2000'1aac     0x4  os_var.o [1]
  .bss               zero     0x2000'1ab0     0x4  os_var.o [1]
  .bss               zero     0x2000'1ab4     0x4  os_var.o [1]
  .bss               zero     0x2000'1ab8     0x4  os_var.o [1]
  .bss               zero     0x2000'1abc     0x4  os_var.o [1]
  .bss               zero     0x2000'1ac0     0x4  os_var.o [1]
  .bss               zero     0x2000'1ac4     0x4  os_var.o [1]
  .bss               zero     0x2000'1ac8     0x4  os_var.o [1]
  .bss               zero     0x2000'1acc     0x4  os_var.o [1]
  .bss               zero     0x2000'1ad0     0x4  os_var.o [1]
  .bss               zero     0x2000'1ad4     0x4  os_var.o [1]
  .bss               zero     0x2000'1ad8     0x4  os_var.o [1]
  .bss               zero     0x2000'1adc     0x4  os_var.o [1]
  .bss               zero     0x2000'1ae0     0x4  os_var.o [1]
  .bss               zero     0x2000'1ae4     0x4  os_var.o [1]
  .bss               zero     0x2000'1ae8     0x2  cpu_core.o [1]
  .bss               zero     0x2000'1aea     0x2  cpu_core.o [1]
  .bss               zero     0x2000'1aec     0x2  os_var.o [1]
  .bss               zero     0x2000'1aee     0x2  os_var.o [1]
  .bss               zero     0x2000'1af0     0x2  os_var.o [1]
  .bss               zero     0x2000'1af2     0x1  app.o [1]
  .bss               zero     0x2000'1af3     0x1  app.o [1]
  .bss               zero     0x2000'1af4     0x1  app.o [1]
  .bss               zero     0x2000'1af5     0x1  app.o [1]
  .bss               zero     0x2000'1af6     0x1  app.o [1]
  .bss               zero     0x2000'1af7     0x1  os_var.o [1]
  .bss               zero     0x2000'1af8     0x1  os_var.o [1]
  .bss               zero     0x2000'1af9     0x1  os_var.o [1]
  .bss               zero     0x2000'1afa     0x1  os_var.o [1]
  .bss               zero     0x2000'1afb     0x1  os_var.o [1]
                            - 0x2000'1afc  0x1af8

"P7", part 3 of 3:                          0x400
  CSTACK                      0x2000'1b00   0x400  <Block>
    CSTACK           uninit   0x2000'1b00   0x400  <Block tail>
                            - 0x2000'1f00   0x400

Unused ranges:

         From           To      Size
         ----           --      ----
       0x3972     0x3'ffff  0x3'c68e
  0x2000'1afc  0x2000'1aff       0x4
  0x2000'1f00  0x2001'7fff  0x1'6100


*******************************************************************************
*** INIT TABLE
***

          Address      Size
          -------      ----
Zero (__iar_zero_init3)
    1 destination range, total size 0x1af8:
          0x2000'0004  0x1af8

Copy (__iar_copy_init3)
    1 source range, total size 0x4:
               0x392c     0x4
    1 destination range, total size 0x4:
          0x2000'0000     0x4



*******************************************************************************
*** MODULE SUMMARY
***

    Module            ro code  ro data  rw data
    ------            -------  -------  -------
command line/config:
    -------------------------------------------
    Total:

C:\Users\ankita003\Documents\CE4053\ce4053\Micrium\Software\EvalBoards\TI\LM3S9B92-EVALBOT\IAR\uCOS-III-CE4053_PG\Flash\Obj: [1]
    app.o                 888       52    1 965
    app_vect.o             12      284
    bsp.o                 168                 4
    bsp_display.o         600       96        4
    bsp_int.o             598               280
    bsp_io.o              204
    bsp_motor.o           520
    bsp_sensors.o         356
    cpu_a.o                42
    cpu_bsp.o              36
    cpu_c.o               312
    cpu_core.o            392                44
    gpio.o                872       72
    i2c.o                 194
    lib_mem.o              96
    os_cfg_app.o          172      100    3 856
    os_core.o           2 130       40
    os_cpu_a.o            132
    os_cpu_c.o            320                 4
    os_dbg.o              364      338
    os_msg.o              196
    os_mutex.o             28
    os_prio.o             144                 4
    os_q.o                 28
    os_task.o           1 444        8
    os_tick.o             964       20
    os_time.o              68
    os_tmr.o              732       24
    os_var.o                                747
    pwm.o                 242
    sysctl.o            1 044      116
    -------------------------------------------
    Total:             13 298    1 150    6 908

dl7M_tlf.a: [2]
    exit.o                  4
    low_level_init.o        4
    -------------------------------------------
    Total:                  8

m7M_tl.a: [3]
    -------------------------------------------
    Total:

rt7M_tl.a: [4]
    cexit.o                10
    cmain.o                30
    copy_init3.o           44
    cstartup_M.o           12
    data_init.o            40
    zero_init3.o           58
    -------------------------------------------
    Total:                194

shb_l.a: [5]
    exit.o                 20
    -------------------------------------------
    Total:                 20

    Linker created                  36    1 024
-----------------------------------------------
    Grand Total:       13 520    1 186    7 932


*******************************************************************************
*** ENTRY LIST
***

Entry                       Address   Size  Type      Object
-----                       -------   ----  ----      ------
.iar.init_table$$Base        0x376c          --   Gb  - Linker created -
.iar.init_table$$Limit       0x3790          --   Gb  - Linker created -
?main                        0x37b1         Code  Gb  cmain.o [4]
AppRobotMotorDriveSensorEnable
                             0x3353   0x20  Code  Lc  app.o [1]
AppTaskOne                   0x32b5   0x54  Code  Lc  app.o [1]
AppTaskOneStk           0x2000'0844  0x200  Data  Lc  app.o [1]
AppTaskOneTCB           0x2000'16d8   0x8c  Data  Lc  app.o [1]
AppTaskStart                 0x3219   0x9a  Code  Lc  app.o [1]
AppTaskStartStk         0x2000'0644  0x200  Data  Lc  app.o [1]
AppTaskStartTCB         0x2000'164c   0x8c  Data  Lc  app.o [1]
AppTaskTwo                   0x3309   0x4a  Code  Lc  app.o [1]
AppTaskTwoStk           0x2000'0a44  0x200  Data  Lc  app.o [1]
AppTaskTwoTCB           0x2000'1764   0x8c  Data  Lc  app.o [1]
App_BusFault_ISR             0x3891    0x2  Code  Lc  app_vect.o [1]
App_Fault_ISR                0x388f    0x2  Code  Lc  app_vect.o [1]
App_MemFault_ISR             0x3895    0x2  Code  Lc  app_vect.o [1]
App_NMI_ISR                  0x388d    0x2  Code  Lc  app_vect.o [1]
App_Spurious_ISR             0x3897    0x2  Code  Lc  app_vect.o [1]
App_UsageFault_ISR           0x3893    0x2  Code  Lc  app_vect.o [1]
BSP_BumpSensorsInit          0x2809   0x1a  Code  Gb  bsp_sensors.o [1]
BSP_CPUClkFreq               0x1e35   0x12  Code  Gb  bsp.o [1]
BSP_CPU_ClkFreq_MHz     0x2000'1a7c    0x4  Data  Gb  bsp.o [1]
BSP_DisplayClear             0x25bb   0x4c  Code  Gb  bsp_display.o [1]
BSP_DisplayInit              0x263d   0xd2  Code  Gb  bsp_display.o [1]
BSP_DisplayOn                0x2607   0x36  Code  Gb  bsp_display.o [1]
BSP_DisplayWriteArray        0x253d   0x3e  Code  Lc  bsp_display.o [1]
BSP_DisplayWriteByte         0x250b   0x32  Code  Lc  bsp_display.o [1]
BSP_DisplayWriteFinal        0x257b   0x40  Code  Lc  bsp_display.o [1]
BSP_DisplayWriteFirst        0x24e5   0x26  Code  Lc  bsp_display.o [1]
BSP_Init                     0x1dd1   0x64  Code  Gb  bsp.o [1]
BSP_IntDisAll                0x228d    0x8  Code  Gb  bsp_int.o [1]
BSP_IntEn                    0x2295   0x10  Code  Gb  bsp_int.o [1]
BSP_IntHandler               0x24bb   0x20  Code  Lc  bsp_int.o [1]
BSP_IntHandlerADC0           0x233f    0xa  Code  Gb  bsp_int.o [1]
BSP_IntHandlerADC1           0x2349    0xa  Code  Gb  bsp_int.o [1]
BSP_IntHandlerADC1_0         0x2475    0xa  Code  Gb  bsp_int.o [1]
BSP_IntHandlerADC1_1         0x247f    0xa  Code  Gb  bsp_int.o [1]
BSP_IntHandlerADC1_2         0x2489    0xa  Code  Gb  bsp_int.o [1]
BSP_IntHandlerADC1_3         0x2493    0xa  Code  Gb  bsp_int.o [1]
BSP_IntHandlerADC2           0x2353    0xa  Code  Gb  bsp_int.o [1]
BSP_IntHandlerADC3           0x235d    0xa  Code  Gb  bsp_int.o [1]
BSP_IntHandlerCAN0           0x242f    0xa  Code  Gb  bsp_int.o [1]
BSP_IntHandlerCAN1           0x2439    0xa  Code  Gb  bsp_int.o [1]
BSP_IntHandlerCOMP0          0x23ad    0xa  Code  Gb  bsp_int.o [1]
BSP_IntHandlerCOMP1          0x23b7    0xa  Code  Gb  bsp_int.o [1]
BSP_IntHandlerCOMP2          0x23c1    0xa  Code  Gb  bsp_int.o [1]
BSP_IntHandlerDummy          0x24e1    0x2  Code  Lc  bsp_int.o [1]
BSP_IntHandlerEPI            0x24a7    0xa  Code  Gb  bsp_int.o [1]
BSP_IntHandlerETH            0x2443    0xa  Code  Gb  bsp_int.o [1]
BSP_IntHandlerFLASH          0x23d5    0xa  Code  Gb  bsp_int.o [1]
BSP_IntHandlerGPIOA          0x22e5    0xa  Code  Gb  bsp_int.o [1]
BSP_IntHandlerGPIOB          0x22ef    0xa  Code  Gb  bsp_int.o [1]
BSP_IntHandlerGPIOC          0x22f9    0xa  Code  Gb  bsp_int.o [1]
BSP_IntHandlerGPIOD          0x2303    0xa  Code  Gb  bsp_int.o [1]
BSP_IntHandlerGPIOE          0x230d    0xa  Code  Gb  bsp_int.o [1]
BSP_IntHandlerGPIOF          0x23df    0xa  Code  Gb  bsp_int.o [1]
BSP_IntHandlerGPIOG          0x23e9    0xa  Code  Gb  bsp_int.o [1]
BSP_IntHandlerGPIOH          0x23f3    0xa  Code  Gb  bsp_int.o [1]
BSP_IntHandlerGPIOJ          0x24b1    0xa  Code  Gb  bsp_int.o [1]
BSP_IntHandlerHIBERNATE
                             0x244d    0xa  Code  Gb  bsp_int.o [1]
BSP_IntHandlerI2C0           0x2335    0xa  Code  Gb  bsp_int.o [1]
BSP_IntHandlerI2C1           0x2425    0xa  Code  Gb  bsp_int.o [1]
BSP_IntHandlerI2S0           0x249d    0xa  Code  Gb  bsp_int.o [1]
BSP_IntHandlerSSI0           0x232b    0xa  Code  Gb  bsp_int.o [1]
BSP_IntHandlerSSI1           0x2407    0xa  Code  Gb  bsp_int.o [1]
BSP_IntHandlerSYSCTL         0x23cb    0xa  Code  Gb  bsp_int.o [1]
BSP_IntHandlerTIMER0A        0x2371    0xa  Code  Gb  bsp_int.o [1]
BSP_IntHandlerTIMER0B        0x237b    0xa  Code  Gb  bsp_int.o [1]
BSP_IntHandlerTIMER1A        0x2385    0xa  Code  Gb  bsp_int.o [1]
BSP_IntHandlerTIMER1B        0x238f    0xa  Code  Gb  bsp_int.o [1]
BSP_IntHandlerTIMER2A        0x2399    0xa  Code  Gb  bsp_int.o [1]
BSP_IntHandlerTIMER2B        0x23a3    0xa  Code  Gb  bsp_int.o [1]
BSP_IntHandlerTIMER3A        0x2411    0xa  Code  Gb  bsp_int.o [1]
BSP_IntHandlerTIMER3B        0x241b    0xa  Code  Gb  bsp_int.o [1]
BSP_IntHandlerUART0          0x2317    0xa  Code  Gb  bsp_int.o [1]
BSP_IntHandlerUART1          0x2321    0xa  Code  Gb  bsp_int.o [1]
BSP_IntHandlerUART2          0x23fd    0xa  Code  Gb  bsp_int.o [1]
BSP_IntHandlerUDMA_ERR       0x246b    0xa  Code  Gb  bsp_int.o [1]
BSP_IntHandlerUDMA_SW        0x2461    0xa  Code  Gb  bsp_int.o [1]
BSP_IntHandlerUSB            0x2457    0xa  Code  Gb  bsp_int.o [1]
BSP_IntHandlerWATCHDOG       0x2367    0xa  Code  Gb  bsp_int.o [1]
BSP_IntInit                  0x22cd   0x18  Code  Gb  bsp_int.o [1]
BSP_IntVectSet               0x22a5   0x28  Code  Gb  bsp_int.o [1]
BSP_IntVectTbl          0x2000'1444  0x118  Data  Lc  bsp_int.o [1]
BSP_LED_Off                  0x2769   0x36  Code  Gb  bsp_io.o [1]
BSP_LED_Toggle               0x279f   0x60  Code  Gb  bsp_io.o [1]
BSP_LEDsInit                 0x2757   0x12  Code  Gb  bsp_io.o [1]
BSP_MotorDir                 0x2a4f   0x44  Code  Gb  bsp_motor.o [1]
BSP_MotorRun                 0x2a93   0x1c  Code  Gb  bsp_motor.o [1]
BSP_MotorSpeed               0x2ae3   0x7e  Code  Gb  bsp_motor.o [1]
BSP_MotorStop                0x2aaf   0x34  Code  Gb  bsp_motor.o [1]
BSP_MotorsInit               0x296d   0xe2  Code  Gb  bsp_motor.o [1]
BSP_PushButtonsInit          0x273d   0x1a  Code  Gb  bsp_io.o [1]
BSP_WheelSensorEnable        0x28cb    0xe  Code  Gb  bsp_sensors.o [1]
BSP_WheelSensorIntEnable
                             0x28d9   0x86  Code  Gb  bsp_sensors.o [1]
BSP_WheelSensorsInit         0x2823   0xa8  Code  Gb  bsp_sensors.o [1]
CPU_CntLeadZeros             0x1ae7         Code  Gb  cpu_a.o [1]
CPU_Init                     0x1afd   0x10  Code  Gb  cpu_core.o [1]
CPU_IntDis                   0x1ad1         Code  Gb  cpu_a.o [1]
CPU_IntDisMeasCtr       0x2000'1ae8    0x2  Data  Gb  cpu_core.o [1]
CPU_IntDisMeasInit           0x1bd7   0x78  Code  Lc  cpu_core.o [1]
CPU_IntDisMeasMaxCalc        0x1c4f   0x12  Code  Lc  cpu_core.o [1]
CPU_IntDisMeasMaxCurGet
                             0x1b51   0x18  Code  Gb  cpu_core.o [1]
CPU_IntDisMeasMaxCurReset
                             0x1b35   0x1c  Code  Gb  cpu_core.o [1]
CPU_IntDisMeasMaxCur_cnts
                        0x2000'1a94    0x4  Data  Gb  cpu_core.o [1]
CPU_IntDisMeasMax_cnts  0x2000'1a98    0x4  Data  Gb  cpu_core.o [1]
CPU_IntDisMeasOvrhd_cnts
                        0x2000'1a90    0x4  Data  Gb  cpu_core.o [1]
CPU_IntDisMeasStart          0x1b69   0x22  Code  Gb  cpu_core.o [1]
CPU_IntDisMeasStart_cnts
                        0x2000'1a88    0x4  Data  Gb  cpu_core.o [1]
CPU_IntDisMeasStop           0x1b8b   0x36  Code  Gb  cpu_core.o [1]
CPU_IntDisMeasStop_cnts
                        0x2000'1a8c    0x4  Data  Gb  cpu_core.o [1]
CPU_IntDisNestCtr       0x2000'1aea    0x2  Data  Gb  cpu_core.o [1]
CPU_IntEn                    0x1ad5         Code  Gb  cpu_a.o [1]
CPU_IntSrcEn                 0x2b75  0x126  Code  Gb  cpu_c.o [1]
CPU_Name                0x2000'1a64   0x10  Data  Gb  cpu_core.o [1]
CPU_NameClr                  0x1b0d   0x22  Code  Gb  cpu_core.o [1]
CPU_NameInit                 0x1bc1    0x8  Code  Lc  cpu_core.o [1]
CPU_RevBits                  0x1aed         Code  Gb  cpu_a.o [1]
CPU_SR_Restore               0x1ae1         Code  Gb  cpu_a.o [1]
CPU_SR_Save                  0x1ad9         Code  Gb  cpu_a.o [1]
CPU_TS_Init                  0x1bc9    0xe  Code  Lc  cpu_core.o [1]
CPU_TS_TmrFreqSet            0x1b2f    0x6  Code  Gb  cpu_core.o [1]
CPU_TS_TmrFreq_Hz       0x2000'1a84    0x4  Data  Gb  cpu_core.o [1]
CPU_TS_TmrInit               0x1d09   0x16  Code  Gb  cpu_bsp.o [1]
CPU_TS_TmrRd                 0x1d1f    0x6  Code  Gb  cpu_bsp.o [1]
CPU_WaitForExcept            0x1af7         Code  Gb  cpu_a.o [1]
CPU_WaitForInt               0x1af3         Code  Gb  cpu_a.o [1]
CSTACK$$Base            0x2000'1b00          --   Gb  - Linker created -
CSTACK$$Limit           0x2000'1f00          --   Gb  - Linker created -
GPIODirModeSet               0x2d71   0x52  Code  Gb  gpio.o [1]
GPIOIntTypeSet               0x2dc3   0x78  Code  Gb  gpio.o [1]
GPIOPadConfigSet             0x2e3b  0x15c  Code  Gb  gpio.o [1]
GPIOPinConfigure             0x3089   0x46  Code  Gb  gpio.o [1]
GPIOPinIntClear              0x2fd7    0xc  Code  Gb  gpio.o [1]
GPIOPinIntDisable            0x2fab   0x14  Code  Gb  gpio.o [1]
GPIOPinIntEnable             0x2f97   0x14  Code  Gb  gpio.o [1]
GPIOPinIntStatus             0x2fbf   0x18  Code  Gb  gpio.o [1]
GPIOPinRead                  0x2fe3    0xa  Code  Gb  gpio.o [1]
GPIOPinTypeGPIOInput         0x3001   0x22  Code  Gb  gpio.o [1]
GPIOPinTypeGPIOOutput        0x3023   0x22  Code  Gb  gpio.o [1]
GPIOPinTypeI2C               0x3045   0x22  Code  Gb  gpio.o [1]
GPIOPinTypePWM               0x3067   0x22  Code  Gb  gpio.o [1]
GPIOPinWrite                 0x2fed   0x14  Code  Gb  gpio.o [1]
I2CMasterControl             0x2d3d    0x6  Code  Gb  i2c.o [1]
I2CMasterDataPut             0x2d63    0xc  Code  Gb  i2c.o [1]
I2CMasterEnable              0x2ce3   0x12  Code  Gb  i2c.o [1]
I2CMasterErr                 0x2d43   0x20  Code  Gb  i2c.o [1]
I2CMasterInitExpClk          0x2cad   0x36  Code  Gb  i2c.o [1]
I2CMasterIntStatus           0x2cf5   0x2c  Code  Gb  i2c.o [1]
I2CMasterSlaveAddrSet        0x2d29   0x14  Code  Gb  i2c.o [1]
IntWheelSensor               0x3375   0xbc  Code  Gb  app.o [1]
IntWheelSensor::CountL  0x2000'1af4    0x1  Data  Lc  app.o [1]
IntWheelSensor::CountR  0x2000'1af5    0x1  Data  Lc  app.o [1]
IntWheelSensor::data    0x2000'1af6    0x1  Data  Lc  app.o [1]
Left_tgt                0x2000'1af2    0x1  Data  Gb  app.o [1]
Mem_Clr                      0x1d71    0xc  Code  Gb  lib_mem.o [1]
Mem_Set                      0x1d7d   0x54  Code  Gb  lib_mem.o [1]
OSCfg_DataSizeRAM            0x391c    0x4  Data  Gb  os_cfg_app.o [1]
OSCfg_ISRStk            0x2000'0e44  0x200  Data  Gb  os_cfg_app.o [1]
OSCfg_ISRStkBasePtr          0x38d4    0x4  Data  Gb  os_cfg_app.o [1]
OSCfg_ISRStkSize             0x38d8    0x4  Data  Gb  os_cfg_app.o [1]
OSCfg_ISRStkSizeRAM          0x38dc    0x4  Data  Gb  os_cfg_app.o [1]
OSCfg_IdleTaskStk       0x2000'0c44  0x200  Data  Gb  os_cfg_app.o [1]
OSCfg_IdleTaskStkBasePtr
                             0x38c4    0x4  Data  Gb  os_cfg_app.o [1]
OSCfg_IdleTaskStkLimit       0x38c8    0x4  Data  Gb  os_cfg_app.o [1]
OSCfg_IdleTaskStkSize        0x38cc    0x4  Data  Gb  os_cfg_app.o [1]
OSCfg_IdleTaskStkSizeRAM
                             0x38d0    0x4  Data  Gb  os_cfg_app.o [1]
OSCfg_Init                   0x1a25   0xac  Code  Gb  os_cfg_app.o [1]
OSCfg_MsgPool           0x2000'0004  0x640  Data  Gb  os_cfg_app.o [1]
OSCfg_MsgPoolBasePtr         0x38e4    0x4  Data  Gb  os_cfg_app.o [1]
OSCfg_MsgPoolSize            0x1afa    0x2  Data  Gb  os_cfg_app.o [1]
OSCfg_MsgPoolSizeRAM         0x38e0    0x4  Data  Gb  os_cfg_app.o [1]
OSCfg_StkSizeMin             0x38e8    0x4  Data  Gb  os_cfg_app.o [1]
OSCfg_TickRate_Hz            0x38ec    0x4  Data  Gb  os_cfg_app.o [1]
OSCfg_TickTaskPrio           0x3950    0x1  Data  Gb  os_cfg_app.o [1]
OSCfg_TickTaskStk       0x2000'1044  0x200  Data  Gb  os_cfg_app.o [1]
OSCfg_TickTaskStkBasePtr
                             0x38f0    0x4  Data  Gb  os_cfg_app.o [1]
OSCfg_TickTaskStkLimit       0x38f4    0x4  Data  Gb  os_cfg_app.o [1]
OSCfg_TickTaskStkSize        0x38f8    0x4  Data  Gb  os_cfg_app.o [1]
OSCfg_TickTaskStkSizeRAM
                             0x38fc    0x4  Data  Gb  os_cfg_app.o [1]
OSCfg_TickWheel         0x2000'1994   0x68  Data  Gb  os_cfg_app.o [1]
OSCfg_TickWheelSize          0x24e2    0x2  Data  Gb  os_cfg_app.o [1]
OSCfg_TickWheelSizeRAM       0x3900    0x4  Data  Gb  os_cfg_app.o [1]
OSCfg_TmrTaskPrio            0x3951    0x1  Data  Gb  os_cfg_app.o [1]
OSCfg_TmrTaskRate_Hz         0x3904    0x4  Data  Gb  os_cfg_app.o [1]
OSCfg_TmrTaskStk        0x2000'1244  0x200  Data  Gb  os_cfg_app.o [1]
OSCfg_TmrTaskStkBasePtr
                             0x3908    0x4  Data  Gb  os_cfg_app.o [1]
OSCfg_TmrTaskStkLimit        0x390c    0x4  Data  Gb  os_cfg_app.o [1]
OSCfg_TmrTaskStkSize         0x3910    0x4  Data  Gb  os_cfg_app.o [1]
OSCfg_TmrTaskStkSizeRAM
                             0x3914    0x4  Data  Gb  os_cfg_app.o [1]
OSCfg_TmrWheel          0x2000'19fc   0x68  Data  Gb  os_cfg_app.o [1]
OSCfg_TmrWheelSize           0x2d6e    0x2  Data  Gb  os_cfg_app.o [1]
OSCfg_TmrWheelSizeRAM        0x3918    0x4  Data  Gb  os_cfg_app.o [1]
OSDbg_AppHooksEn             0x3953    0x1  Data  Gb  os_dbg.o [1]
OSDbg_ArgChkEn               0x3952    0x1  Data  Gb  os_dbg.o [1]
OSDbg_CalledFromISRChkEn
                             0x3954    0x1  Data  Gb  os_dbg.o [1]
OSDbg_DataSize               0x3928    0x4  Data  Gb  os_dbg.o [1]
OSDbg_DbgEn                  0x31ca    0x2  Data  Gb  os_dbg.o [1]
OSDbg_EndiannessTest         0x3920    0x4  Data  Gb  os_dbg.o [1]
OSDbg_FlagEn                 0x3955    0x1  Data  Gb  os_dbg.o [1]
OSDbg_FlagGrp                0x36f4   0x28  Data  Gb  os_dbg.o [1]
OSDbg_ISRPostDeferredEn
                             0x3956    0x1  Data  Gb  os_dbg.o [1]
OSDbg_Mem                    0x3790   0x20  Data  Gb  os_dbg.o [1]
OSDbg_MemEn                  0x3957    0x1  Data  Gb  os_dbg.o [1]
OSDbg_MsgEn                  0x3958    0x1  Data  Gb  os_dbg.o [1]
OSDbg_MsgPoolSize            0x37e2    0x2  Data  Gb  os_dbg.o [1]
OSDbg_MsgQSize               0x3930    0x2  Data  Gb  os_dbg.o [1]
OSDbg_MsgSize                0x37d6    0x2  Data  Gb  os_dbg.o [1]
OSDbg_Mutex                  0x369c   0x2c  Data  Gb  os_dbg.o [1]
OSDbg_MutexDelEn             0x395a    0x1  Data  Gb  os_dbg.o [1]
OSDbg_MutexEn                0x3959    0x1  Data  Gb  os_dbg.o [1]
OSDbg_MutexPendAbortEn       0x395b    0x1  Data  Gb  os_dbg.o [1]
OSDbg_MutexSize              0x3932    0x2  Data  Gb  os_dbg.o [1]
OSDbg_ObjTypeChkEn           0x395c    0x1  Data  Gb  os_dbg.o [1]
OSDbg_PendDataSize           0x3934    0x2  Data  Gb  os_dbg.o [1]
OSDbg_PendListSize           0x3936    0x2  Data  Gb  os_dbg.o [1]
OSDbg_PendMultiEn            0x395d    0x1  Data  Gb  os_dbg.o [1]
OSDbg_PendObjSize            0x3938    0x2  Data  Gb  os_dbg.o [1]
OSDbg_PrioMax                0x393a    0x2  Data  Gb  os_dbg.o [1]
OSDbg_PrioTblSize            0x393c    0x2  Data  Gb  os_dbg.o [1]
OSDbg_PtrSize                0x393e    0x2  Data  Gb  os_dbg.o [1]
OSDbg_Q                      0x366c   0x30  Data  Gb  os_dbg.o [1]
OSDbg_QDelEn                 0x395f    0x1  Data  Gb  os_dbg.o [1]
OSDbg_QEn                    0x395e    0x1  Data  Gb  os_dbg.o [1]
OSDbg_QFlushEn               0x3960    0x1  Data  Gb  os_dbg.o [1]
OSDbg_QPendAbortEn           0x3961    0x1  Data  Gb  os_dbg.o [1]
OSDbg_QSize                  0x3940    0x2  Data  Gb  os_dbg.o [1]
OSDbg_RdyList                0x3942    0x2  Data  Gb  os_dbg.o [1]
OSDbg_RdyListSize            0x3924    0x4  Data  Gb  os_dbg.o [1]
OSDbg_SchedRoundRobinEn
                             0x3962    0x1  Data  Gb  os_dbg.o [1]
OSDbg_Sem                    0x371c   0x28  Data  Gb  os_dbg.o [1]
OSDbg_SemEn                  0x3963    0x1  Data  Gb  os_dbg.o [1]
OSDbg_StatTaskEn             0x3965    0x1  Data  Gb  os_dbg.o [1]
OSDbg_StatTaskStkChkEn       0x3966    0x1  Data  Gb  os_dbg.o [1]
OSDbg_StkWidth               0x3964    0x1  Data  Gb  os_dbg.o [1]
OSDbg_TCBSize                0x3946    0x2  Data  Gb  os_dbg.o [1]
OSDbg_TaskChangePrioEn       0x3967    0x1  Data  Gb  os_dbg.o [1]
OSDbg_TaskDelEn              0x3968    0x1  Data  Gb  os_dbg.o [1]
OSDbg_TaskProfileEn          0x396b    0x1  Data  Gb  os_dbg.o [1]
OSDbg_TaskQEn                0x3969    0x1  Data  Gb  os_dbg.o [1]
OSDbg_TaskQPendAbortEn       0x396a    0x1  Data  Gb  os_dbg.o [1]
OSDbg_TaskRegTblSize         0x3944    0x2  Data  Gb  os_dbg.o [1]
OSDbg_TaskSemPendAbortEn
                             0x396c    0x1  Data  Gb  os_dbg.o [1]
OSDbg_TaskSuspendEn          0x396d    0x1  Data  Gb  os_dbg.o [1]
OSDbg_TickSpokeSize          0x3948    0x2  Data  Gb  os_dbg.o [1]
OSDbg_TimeDlyHMSMEn          0x396e    0x1  Data  Gb  os_dbg.o [1]
OSDbg_TimeDlyResumeEn        0x396f    0x1  Data  Gb  os_dbg.o [1]
OSDbg_Tmr                    0x3638   0x34  Data  Gb  os_dbg.o [1]
OSDbg_TmrDelEn               0x3971    0x1  Data  Gb  os_dbg.o [1]
OSDbg_TmrEn                  0x3970    0x1  Data  Gb  os_dbg.o [1]
OSDbg_TmrSize                0x394a    0x2  Data  Gb  os_dbg.o [1]
OSDbg_TmrSpokeSize           0x394c    0x2  Data  Gb  os_dbg.o [1]
OSDbg_VersionNbr             0x394e    0x2  Data  Gb  os_dbg.o [1]
OSIdleTaskCtr           0x2000'1aa4    0x4  Data  Gb  os_var.o [1]
OSIdleTaskHook                0x9a9    0x2  Code  Gb  os_cpu_c.o [1]
OSIdleTaskTCB           0x2000'17f0   0x8c  Data  Gb  os_var.o [1]
OSInit                        0x11d   0xc2  Code  Gb  os_core.o [1]
OSInitHook                    0x9ab   0x14  Code  Gb  os_cpu_c.o [1]
OSIntEnter                    0x1df   0x1c  Code  Gb  os_core.o [1]
OSIntExit                     0x1fb   0x98  Code  Gb  os_core.o [1]
OSIntNestingCtr         0x2000'1af7    0x1  Data  Gb  os_var.o [1]
OSMsgPool               0x2000'1a74    0x8  Data  Gb  os_var.o [1]
OSMutexDbgListPtr       0x2000'1aa8    0x4  Data  Gb  os_var.o [1]
OSMutexQty              0x2000'1aec    0x2  Data  Gb  os_var.o [1]
OSPrioCur               0x2000'1af9    0x1  Data  Gb  os_var.o [1]
OSPrioHighRdy           0x2000'1afa    0x1  Data  Gb  os_var.o [1]
OSPrioTbl               0x2000'1aa0    0x4  Data  Gb  os_prio.o [1]
OSQDbgListPtr           0x2000'1aac    0x4  Data  Gb  os_var.o [1]
OSQQty                  0x2000'1aee    0x2  Data  Gb  os_var.o [1]
OSRdyList               0x2000'155c   0xf0  Data  Gb  os_var.o [1]
OSRunning               0x2000'1af8    0x1  Data  Gb  os_var.o [1]
OSSched                       0x293   0x6a  Code  Gb  os_core.o [1]
OSSchedLock                   0x2fd   0x60  Code  Gb  os_core.o [1]
OSSchedLockNestingCtr   0x2000'1afb    0x1  Data  Gb  os_var.o [1]
OSSchedLockTimeBegin    0x2000'1ab0    0x4  Data  Gb  os_var.o [1]
OSSchedLockTimeMax      0x2000'1ab4    0x4  Data  Gb  os_var.o [1]
OSSchedLockTimeMaxCur   0x2000'1ab8    0x4  Data  Gb  os_var.o [1]
OSSchedUnlock                 0x35d   0x7c  Code  Gb  os_core.o [1]
OSStart                       0x3d9   0x52  Code  Gb  os_core.o [1]
OSStartHighRdy               0x1c85         Code  Gb  os_cpu_a.o [1]
OSTCBCurPtr             0x2000'1ae0    0x4  Data  Gb  os_var.o [1]
OSTCBHighRdyPtr         0x2000'1ae4    0x4  Data  Gb  os_var.o [1]
OSTaskCreate                  0xb79  0x120  Code  Gb  os_task.o [1]
OSTaskCreateHook              0x9bf    0x2  Code  Gb  os_cpu_c.o [1]
OSTaskCtxSwCtr          0x2000'1abc    0x4  Data  Gb  os_var.o [1]
OSTaskDbgListPtr        0x2000'1ac0    0x4  Data  Gb  os_var.o [1]
OSTaskDel                     0xc99   0xfe  Code  Gb  os_task.o [1]
OSTaskDelHook                 0x9c1    0x2  Code  Gb  os_cpu_c.o [1]
OSTaskQty               0x2000'1af0    0x2  Data  Gb  os_var.o [1]
OSTaskReturnHook              0x9c3    0x2  Code  Gb  os_cpu_c.o [1]
OSTaskSemPend                 0xd97  0x126  Code  Gb  os_task.o [1]
OSTaskSemPost                 0xebd   0x1c  Code  Gb  os_task.o [1]
OSTaskStkInit                 0x9c5   0x7e  Code  Gb  os_cpu_c.o [1]
OSTaskSwHook                  0xa43   0x2c  Code  Gb  os_cpu_c.o [1]
OSTickCtr               0x2000'1ac4    0x4  Data  Gb  os_var.o [1]
OSTickTaskTCB           0x2000'187c   0x8c  Data  Gb  os_var.o [1]
OSTickTaskTimeMax       0x2000'1ac8    0x4  Data  Gb  os_var.o [1]
OSTimeTick                   0x1d2d   0x30  Code  Gb  os_time.o [1]
OSTimeTickHook                0xa6f    0x2  Code  Gb  os_cpu_c.o [1]
OSTmrDbgListPtr         0x2000'1acc    0x4  Data  Gb  os_var.o [1]
OSTmrTaskTCB            0x2000'1908   0x8c  Data  Gb  os_var.o [1]
OSTmrTaskTimeMax        0x2000'1ad0    0x4  Data  Gb  os_var.o [1]
OSTmrTickCtr            0x2000'1ad4    0x4  Data  Gb  os_var.o [1]
OSTmrUpdateCnt          0x2000'1ad8    0x4  Data  Gb  os_var.o [1]
OSTmrUpdateCtr          0x2000'1adc    0x4  Data  Gb  os_var.o [1]
OS_CPU_ExceptStkBase    0x2000'1a9c    0x4  Data  Gb  os_cpu_c.o [1]
OS_CPU_PendSVHandler         0x1ca3         Code  Gb  os_cpu_a.o [1]
OS_CPU_SysTickHandler         0xa71   0x2a  Code  Gb  os_cpu_c.o [1]
OS_CPU_SysTickInit            0xa9b   0x24  Code  Gb  os_cpu_c.o [1]
OS_Dbg_Init                  0x18b9  0x16c  Code  Gb  os_dbg.o [1]
OS_IdleTask                   0x42b   0x28  Code  Gb  os_core.o [1]
OS_IdleTaskInit               0x453   0x50  Code  Gb  os_core.o [1]
OS_MsgPoolCreate             0x14e1   0x40  Code  Gb  os_msg.o [1]
OS_MsgPoolInit               0x1521   0x24  Code  Gb  os_msg.o [1]
OS_MsgQFreeAll               0x1545   0x3e  Code  Gb  os_msg.o [1]
OS_MsgQInit                  0x1583   0x14  Code  Gb  os_msg.o [1]
OS_MutexInit                 0x15a5   0x12  Code  Gb  os_mutex.o [1]
OS_Pend                       0x4a3   0x54  Code  Gb  os_core.o [1]
OS_PendDataInit               0x4f7   0x38  Code  Gb  os_core.o [1]
OS_PendDbgNameAdd             0x52f   0x42  Code  Gb  os_core.o [1]
OS_PendDbgNameRemove          0x571   0x1c  Code  Gb  os_core.o [1]
OS_PendListInsertPrio         0x591   0x72  Code  Gb  os_core.o [1]
OS_PendListRemove             0x603   0x2a  Code  Gb  os_core.o [1]
OS_PendListRemove1            0x62d   0x48  Code  Gb  os_core.o [1]
OS_Post                       0x675   0xc0  Code  Gb  os_core.o [1]
OS_Post1                      0x735   0x28  Code  Gb  os_core.o [1]
OS_PrioGetHighest             0xafd   0x20  Code  Gb  os_prio.o [1]
OS_PrioInit                   0xae9   0x14  Code  Gb  os_prio.o [1]
OS_PrioInsert                 0xb1d   0x2a  Code  Gb  os_prio.o [1]
OS_PrioRemove                 0xb47   0x2c  Code  Gb  os_prio.o [1]
OS_QInit                     0x15c1   0x12  Code  Gb  os_q.o [1]
OS_RdyListInit                0x75d   0x2a  Code  Gb  os_core.o [1]
OS_RdyListInsert              0x787   0x28  Code  Gb  os_core.o [1]
OS_RdyListInsertHead          0x7af   0x3a  Code  Gb  os_core.o [1]
OS_RdyListInsertTail          0x7e9   0x38  Code  Gb  os_core.o [1]
OS_RdyListRemove              0x821   0x5c  Code  Gb  os_core.o [1]
OS_SchedLockTimeMeasStart
                              0x87d   0x14  Code  Gb  os_core.o [1]
OS_SchedLockTimeMeasStop
                              0x891   0x2a  Code  Gb  os_core.o [1]
OS_TaskBlock                  0x91d   0x38  Code  Gb  os_core.o [1]
OS_TaskDbgListAdd             0xed9   0x26  Code  Gb  os_task.o [1]
OS_TaskDbgListRemove          0xeff   0x4a  Code  Gb  os_task.o [1]
OS_TaskInit                   0xf49   0x18  Code  Gb  os_task.o [1]
OS_TaskInitTCB                0xf61   0xa8  Code  Gb  os_task.o [1]
OS_TaskRdy                    0x955   0x1a  Code  Gb  os_core.o [1]
OS_TaskReturn                0x1009   0x14  Code  Gb  os_task.o [1]
OS_TaskSemPost               0x101d   0xd4  Code  Gb  os_task.o [1]
OS_TickListInit              0x11b3   0x2e  Code  Gb  os_tick.o [1]
OS_TickListInsert            0x11e1  0x11c  Code  Gb  os_tick.o [1]
OS_TickListRemove            0x12fd   0x42  Code  Gb  os_tick.o [1]
OS_TickListUpdate            0x133f  0x16c  Code  Gb  os_tick.o [1]
OS_TickTask                  0x111d   0x26  Code  Gb  os_tick.o [1]
OS_TickTaskInit              0x1143   0x70  Code  Gb  os_tick.o [1]
OS_TmrInit                   0x15dd   0xd6  Code  Gb  os_tmr.o [1]
OS_TmrLink                   0x16b3   0xd0  Code  Gb  os_tmr.o [1]
OS_TmrTask                   0x17d1   0xa6  Code  Gb  os_tmr.o [1]
OS_TmrUnlink                 0x1783   0x4c  Code  Gb  os_tmr.o [1]
PWMGenConfigure              0x30d9   0x3c  Code  Gb  pwm.o [1]
PWMGenEnable                 0x3137    0xe  Code  Gb  pwm.o [1]
PWMGenPeriodSet              0x3115   0x22  Code  Gb  pwm.o [1]
PWMOutputInvert              0x319f   0x2c  Code  Gb  pwm.o [1]
PWMOutputState               0x3173   0x2c  Code  Gb  pwm.o [1]
PWMPulseWidthSet             0x3145   0x2e  Code  Gb  pwm.o [1]
Region$$Table$$Base          0x376c          --   Gb  - Linker created -
Region$$Table$$Limit         0x3790          --   Gb  - Linker created -
Right_tgt               0x2000'1af3    0x1  Data  Gb  app.o [1]
RoboTurn                     0x3431   0xc8  Code  Gb  app.o [1]
SysCtlClockGet               0x2079  0x1a2  Code  Gb  sysctl.o [1]
SysCtlClockSet               0x1f0d  0x16c  Code  Gb  sysctl.o [1]
SysCtlDelay                  0x1f05    0x8  Code  Gb  sysctl.o [1]
SysCtlPWMClockSet            0x221b    0xe  Code  Gb  sysctl.o [1]
SysCtlPeripheralEnable       0x1ed9   0x2c  Code  Gb  sysctl.o [1]
SysCtlPeripheralReset        0x1e79   0x60  Code  Gb  sysctl.o [1]
__cmain                      0x37b1         Code  Gb  cmain.o [4]
__exit                       0x37e5   0x14  Code  Gb  exit.o [5]
__iar_copy_init3             0x36c9   0x2c  Code  Gb  copy_init3.o [4]
__iar_data_init3             0x3745   0x28  Code  Gb  data_init.o [4]
__iar_program_start          0x3899         Code  Gb  cstartup_M.o [4]
__iar_zero_init3              0x96f   0x3a  Code  Gb  zero_init3.o [4]
__low_level_init             0x37cf    0x4  Code  Gb  low_level_init.o [2]
__vector_table                  0x0  0x11c  Data  Gb  app_vect.o [1]
_call_main                   0x37bd         Code  Gb  cmain.o [4]
_exit                        0x37d9         Code  Gb  cexit.o [4]
_main                        0x37cb         Code  Gb  cmain.o [4]
exit                         0x37d3    0x4  Code  Gb  exit.o [2]
g_pucRITInit                 0x35a0   0x50  Data  Lc  bsp_display.o [1]
g_pucRow1                    0x38a4    0x8  Data  Lc  bsp_display.o [1]
g_pucRow2                    0x38ac    0x8  Data  Lc  bsp_display.o [1]
g_pulGPIOBaseAddrs           0x35f0   0x48  Data  Lc  gpio.o [1]
g_pulRCGCRegs                0x3880    0xc  Data  Lc  sysctl.o [1]
g_pulSRCRRegs                0x3874    0xc  Data  Lc  sysctl.o [1]
g_pulXtals                   0x3544   0x5c  Data  Lc  sysctl.o [1]
g_ulDelay               0x2000'1a80    0x4  Data  Lc  bsp_display.o [1]
iMove                   0x2000'0000    0x4  Data  Gb  app.o [1]
main                         0x31cd   0x4c  Code  Gb  app.o [1]


[1] = C:\Users\ankita003\Documents\CE4053\ce4053\Micrium\Software\EvalBoards\TI\LM3S9B92-EVALBOT\IAR\uCOS-III-CE4053_PG\Flash\Obj
[2] = dl7M_tlf.a
[3] = m7M_tl.a
[4] = rt7M_tl.a
[5] = shb_l.a

  13 520 bytes of readonly  code memory
   1 186 bytes of readonly  data memory
   7 932 bytes of readwrite data memory

Errors: none
Warnings: none
