###############################################################################
#                                                                             #
# IAR ELF Linker V6.50.3.4676/W32 for ARM               14/Jan/2014  16:13:51 #
# Copyright 2007-2013 IAR Systems AB.                                         #
#                                                                             #
#    Output file  =  G:\CE4053\CE4053_PG\Micrium\Software\EvalBoards\TI\LM3S9 #
#                    B92-EVALBOT\IAR\uCOS-III-CE4053_PG\Flash\Exe\uCOS-III-Ex #
#                    4.out                                                    #
#    Map file     =  G:\CE4053\CE4053_PG\Micrium\Software\EvalBoards\TI\LM3S9 #
#                    B92-EVALBOT\IAR\uCOS-III-CE4053_PG\Flash\List\uCOS-III-E #
#                    x4.map                                                   #
#    Command line =  G:\CE4053\CE4053_PG\Micrium\Software\EvalBoards\TI\LM3S9 #
#                    B92-EVALBOT\IAR\uCOS-III-CE4053_PG\Flash\Obj\adc.o       #
#                    G:\CE4053\CE4053_PG\Micrium\Software\EvalBoards\TI\LM3S9 #
#                    B92-EVALBOT\IAR\uCOS-III-CE4053_PG\Flash\Obj\app.o       #
#                    G:\CE4053\CE4053_PG\Micrium\Software\EvalBoards\TI\LM3S9 #
#                    B92-EVALBOT\IAR\uCOS-III-CE4053_PG\Flash\Obj\app_vect.o  #
#                    G:\CE4053\CE4053_PG\Micrium\Software\EvalBoards\TI\LM3S9 #
#                    B92-EVALBOT\IAR\uCOS-III-CE4053_PG\Flash\Obj\bsp.o       #
#                    G:\CE4053\CE4053_PG\Micrium\Software\EvalBoards\TI\LM3S9 #
#                    B92-EVALBOT\IAR\uCOS-III-CE4053_PG\Flash\Obj\bsp_dac.o   #
#                    G:\CE4053\CE4053_PG\Micrium\Software\EvalBoards\TI\LM3S9 #
#                    B92-EVALBOT\IAR\uCOS-III-CE4053_PG\Flash\Obj\bsp_display #
#                    .o G:\CE4053\CE4053_PG\Micrium\Software\EvalBoards\TI\LM #
#                    3S9B92-EVALBOT\IAR\uCOS-III-CE4053_PG\Flash\Obj\bsp_int. #
#                    o G:\CE4053\CE4053_PG\Micrium\Software\EvalBoards\TI\LM3 #
#                    S9B92-EVALBOT\IAR\uCOS-III-CE4053_PG\Flash\Obj\bsp_io.o  #
#                    G:\CE4053\CE4053_PG\Micrium\Software\EvalBoards\TI\LM3S9 #
#                    B92-EVALBOT\IAR\uCOS-III-CE4053_PG\Flash\Obj\bsp_motor.o #
#                     G:\CE4053\CE4053_PG\Micrium\Software\EvalBoards\TI\LM3S #
#                    9B92-EVALBOT\IAR\uCOS-III-CE4053_PG\Flash\Obj\bsp_sensor #
#                    s.o G:\CE4053\CE4053_PG\Micrium\Software\EvalBoards\TI\L #
#                    M3S9B92-EVALBOT\IAR\uCOS-III-CE4053_PG\Flash\Obj\can.o   #
#                    G:\CE4053\CE4053_PG\Micrium\Software\EvalBoards\TI\LM3S9 #
#                    B92-EVALBOT\IAR\uCOS-III-CE4053_PG\Flash\Obj\comp.o      #
#                    G:\CE4053\CE4053_PG\Micrium\Software\EvalBoards\TI\LM3S9 #
#                    B92-EVALBOT\IAR\uCOS-III-CE4053_PG\Flash\Obj\cpu_.o      #
#                    G:\CE4053\CE4053_PG\Micrium\Software\EvalBoards\TI\LM3S9 #
#                    B92-EVALBOT\IAR\uCOS-III-CE4053_PG\Flash\Obj\cpu_a.o     #
#                    G:\CE4053\CE4053_PG\Micrium\Software\EvalBoards\TI\LM3S9 #
#                    B92-EVALBOT\IAR\uCOS-III-CE4053_PG\Flash\Obj\cpu_bsp.o   #
#                    G:\CE4053\CE4053_PG\Micrium\Software\EvalBoards\TI\LM3S9 #
#                    B92-EVALBOT\IAR\uCOS-III-CE4053_PG\Flash\Obj\cpu_c.o     #
#                    G:\CE4053\CE4053_PG\Micrium\Software\EvalBoards\TI\LM3S9 #
#                    B92-EVALBOT\IAR\uCOS-III-CE4053_PG\Flash\Obj\cpu_core.o  #
#                    G:\CE4053\CE4053_PG\Micrium\Software\EvalBoards\TI\LM3S9 #
#                    B92-EVALBOT\IAR\uCOS-III-CE4053_PG\Flash\Obj\epi.o       #
#                    G:\CE4053\CE4053_PG\Micrium\Software\EvalBoards\TI\LM3S9 #
#                    B92-EVALBOT\IAR\uCOS-III-CE4053_PG\Flash\Obj\ethernet.o  #
#                    G:\CE4053\CE4053_PG\Micrium\Software\EvalBoards\TI\LM3S9 #
#                    B92-EVALBOT\IAR\uCOS-III-CE4053_PG\Flash\Obj\fatfs.o     #
#                    G:\CE4053\CE4053_PG\Micrium\Software\EvalBoards\TI\LM3S9 #
#                    B92-EVALBOT\IAR\uCOS-III-CE4053_PG\Flash\Obj\flash.o     #
#                    G:\CE4053\CE4053_PG\Micrium\Software\EvalBoards\TI\LM3S9 #
#                    B92-EVALBOT\IAR\uCOS-III-CE4053_PG\Flash\Obj\gpio.o      #
#                    G:\CE4053\CE4053_PG\Micrium\Software\EvalBoards\TI\LM3S9 #
#                    B92-EVALBOT\IAR\uCOS-III-CE4053_PG\Flash\Obj\hibernate.o #
#                     G:\CE4053\CE4053_PG\Micrium\Software\EvalBoards\TI\LM3S #
#                    9B92-EVALBOT\IAR\uCOS-III-CE4053_PG\Flash\Obj\i2c.o      #
#                    G:\CE4053\CE4053_PG\Micrium\Software\EvalBoards\TI\LM3S9 #
#                    B92-EVALBOT\IAR\uCOS-III-CE4053_PG\Flash\Obj\i2s.o       #
#                    G:\CE4053\CE4053_PG\Micrium\Software\EvalBoards\TI\LM3S9 #
#                    B92-EVALBOT\IAR\uCOS-III-CE4053_PG\Flash\Obj\interrupt.o #
#                     G:\CE4053\CE4053_PG\Micrium\Software\EvalBoards\TI\LM3S #
#                    9B92-EVALBOT\IAR\uCOS-III-CE4053_PG\Flash\Obj\lib_ascii. #
#                    o G:\CE4053\CE4053_PG\Micrium\Software\EvalBoards\TI\LM3 #
#                    S9B92-EVALBOT\IAR\uCOS-III-CE4053_PG\Flash\Obj\lib_math. #
#                    o G:\CE4053\CE4053_PG\Micrium\Software\EvalBoards\TI\LM3 #
#                    S9B92-EVALBOT\IAR\uCOS-III-CE4053_PG\Flash\Obj\lib_mem.o #
#                     G:\CE4053\CE4053_PG\Micrium\Software\EvalBoards\TI\LM3S #
#                    9B92-EVALBOT\IAR\uCOS-III-CE4053_PG\Flash\Obj\lib_str.o  #
#                    G:\CE4053\CE4053_PG\Micrium\Software\EvalBoards\TI\LM3S9 #
#                    B92-EVALBOT\IAR\uCOS-III-CE4053_PG\Flash\Obj\microsd.o   #
#                    G:\CE4053\CE4053_PG\Micrium\Software\EvalBoards\TI\LM3S9 #
#                    B92-EVALBOT\IAR\uCOS-III-CE4053_PG\Flash\Obj\mpu.o       #
#                    G:\CE4053\CE4053_PG\Micrium\Software\EvalBoards\TI\LM3S9 #
#                    B92-EVALBOT\IAR\uCOS-III-CE4053_PG\Flash\Obj\os_app_hook #
#                    s.o G:\CE4053\CE4053_PG\Micrium\Software\EvalBoards\TI\L #
#                    M3S9B92-EVALBOT\IAR\uCOS-III-CE4053_PG\Flash\Obj\os_cfg_ #
#                    app.o G:\CE4053\CE4053_PG\Micrium\Software\EvalBoards\TI #
#                    \LM3S9B92-EVALBOT\IAR\uCOS-III-CE4053_PG\Flash\Obj\os_co #
#                    re.o G:\CE4053\CE4053_PG\Micrium\Software\EvalBoards\TI\ #
#                    LM3S9B92-EVALBOT\IAR\uCOS-III-CE4053_PG\Flash\Obj\os_cpu #
#                    _a.o G:\CE4053\CE4053_PG\Micrium\Software\EvalBoards\TI\ #
#                    LM3S9B92-EVALBOT\IAR\uCOS-III-CE4053_PG\Flash\Obj\os_cpu #
#                    _c.o G:\CE4053\CE4053_PG\Micrium\Software\EvalBoards\TI\ #
#                    LM3S9B92-EVALBOT\IAR\uCOS-III-CE4053_PG\Flash\Obj\os_dbg #
#                    .o G:\CE4053\CE4053_PG\Micrium\Software\EvalBoards\TI\LM #
#                    3S9B92-EVALBOT\IAR\uCOS-III-CE4053_PG\Flash\Obj\os_flag. #
#                    o G:\CE4053\CE4053_PG\Micrium\Software\EvalBoards\TI\LM3 #
#                    S9B92-EVALBOT\IAR\uCOS-III-CE4053_PG\Flash\Obj\os_int.o  #
#                    G:\CE4053\CE4053_PG\Micrium\Software\EvalBoards\TI\LM3S9 #
#                    B92-EVALBOT\IAR\uCOS-III-CE4053_PG\Flash\Obj\os_mem.o    #
#                    G:\CE4053\CE4053_PG\Micrium\Software\EvalBoards\TI\LM3S9 #
#                    B92-EVALBOT\IAR\uCOS-III-CE4053_PG\Flash\Obj\os_msg.o    #
#                    G:\CE4053\CE4053_PG\Micrium\Software\EvalBoards\TI\LM3S9 #
#                    B92-EVALBOT\IAR\uCOS-III-CE4053_PG\Flash\Obj\os_mutex.o  #
#                    G:\CE4053\CE4053_PG\Micrium\Software\EvalBoards\TI\LM3S9 #
#                    B92-EVALBOT\IAR\uCOS-III-CE4053_PG\Flash\Obj\os_pend_mul #
#                    ti.o G:\CE4053\CE4053_PG\Micrium\Software\EvalBoards\TI\ #
#                    LM3S9B92-EVALBOT\IAR\uCOS-III-CE4053_PG\Flash\Obj\os_pri #
#                    o.o G:\CE4053\CE4053_PG\Micrium\Software\EvalBoards\TI\L #
#                    M3S9B92-EVALBOT\IAR\uCOS-III-CE4053_PG\Flash\Obj\os_q.o  #
#                    G:\CE4053\CE4053_PG\Micrium\Software\EvalBoards\TI\LM3S9 #
#                    B92-EVALBOT\IAR\uCOS-III-CE4053_PG\Flash\Obj\os_sem.o    #
#                    G:\CE4053\CE4053_PG\Micrium\Software\EvalBoards\TI\LM3S9 #
#                    B92-EVALBOT\IAR\uCOS-III-CE4053_PG\Flash\Obj\os_stat.o   #
#                    G:\CE4053\CE4053_PG\Micrium\Software\EvalBoards\TI\LM3S9 #
#                    B92-EVALBOT\IAR\uCOS-III-CE4053_PG\Flash\Obj\os_task.o   #
#                    G:\CE4053\CE4053_PG\Micrium\Software\EvalBoards\TI\LM3S9 #
#                    B92-EVALBOT\IAR\uCOS-III-CE4053_PG\Flash\Obj\os_tick.o   #
#                    G:\CE4053\CE4053_PG\Micrium\Software\EvalBoards\TI\LM3S9 #
#                    B92-EVALBOT\IAR\uCOS-III-CE4053_PG\Flash\Obj\os_time.o   #
#                    G:\CE4053\CE4053_PG\Micrium\Software\EvalBoards\TI\LM3S9 #
#                    B92-EVALBOT\IAR\uCOS-III-CE4053_PG\Flash\Obj\os_tmr.o    #
#                    G:\CE4053\CE4053_PG\Micrium\Software\EvalBoards\TI\LM3S9 #
#                    B92-EVALBOT\IAR\uCOS-III-CE4053_PG\Flash\Obj\os_var.o    #
#                    G:\CE4053\CE4053_PG\Micrium\Software\EvalBoards\TI\LM3S9 #
#                    B92-EVALBOT\IAR\uCOS-III-CE4053_PG\Flash\Obj\pwm.o       #
#                    G:\CE4053\CE4053_PG\Micrium\Software\EvalBoards\TI\LM3S9 #
#                    B92-EVALBOT\IAR\uCOS-III-CE4053_PG\Flash\Obj\qei.o       #
#                    G:\CE4053\CE4053_PG\Micrium\Software\EvalBoards\TI\LM3S9 #
#                    B92-EVALBOT\IAR\uCOS-III-CE4053_PG\Flash\Obj\ssi.o       #
#                    G:\CE4053\CE4053_PG\Micrium\Software\EvalBoards\TI\LM3S9 #
#                    B92-EVALBOT\IAR\uCOS-III-CE4053_PG\Flash\Obj\sysctl.o    #
#                    G:\CE4053\CE4053_PG\Micrium\Software\EvalBoards\TI\LM3S9 #
#                    B92-EVALBOT\IAR\uCOS-III-CE4053_PG\Flash\Obj\systick.o   #
#                    G:\CE4053\CE4053_PG\Micrium\Software\EvalBoards\TI\LM3S9 #
#                    B92-EVALBOT\IAR\uCOS-III-CE4053_PG\Flash\Obj\timer.o     #
#                    G:\CE4053\CE4053_PG\Micrium\Software\EvalBoards\TI\LM3S9 #
#                    B92-EVALBOT\IAR\uCOS-III-CE4053_PG\Flash\Obj\uart.o      #
#                    G:\CE4053\CE4053_PG\Micrium\Software\EvalBoards\TI\LM3S9 #
#                    B92-EVALBOT\IAR\uCOS-III-CE4053_PG\Flash\Obj\udma.o      #
#                    G:\CE4053\CE4053_PG\Micrium\Software\EvalBoards\TI\LM3S9 #
#                    B92-EVALBOT\IAR\uCOS-III-CE4053_PG\Flash\Obj\usb.o       #
#                    G:\CE4053\CE4053_PG\Micrium\Software\EvalBoards\TI\LM3S9 #
#                    B92-EVALBOT\IAR\uCOS-III-CE4053_PG\Flash\Obj\watchdog.o  #
#                    --redirect _Printf=_PrintfFull --redirect                #
#                    _Scanf=_ScanfFull -o G:\CE4053\CE4053_PG\Micrium\Softwar #
#                    e\EvalBoards\TI\LM3S9B92-EVALBOT\IAR\uCOS-III-CE4053_PG\ #
#                    Flash\Exe\uCOS-III-Ex4.out --map                         #
#                    G:\CE4053\CE4053_PG\Micrium\Software\EvalBoards\TI\LM3S9 #
#                    B92-EVALBOT\IAR\uCOS-III-CE4053_PG\Flash\List\uCOS-III-E #
#                    x4.map --config G:\CE4053\CE4053_PG\Micrium\Software\Eva #
#                    lBoards\TI\LM3S9B92-EVALBOT\IAR\uCOS-III-CE4053_PG\..\BS #
#                    P\LM3S9B92_Flash.icf --semihosting --entry               #
#                    __iar_program_start --vfe                                #
#                                                                             #
#                                                                             #
###############################################################################

*******************************************************************************
*** RUNTIME MODEL ATTRIBUTES
***

CppFlavor                     = *
__Heap_Handler                = Basic
__SystemLibrary               = DLib
__dlib_dynamic_initialization = normal


*******************************************************************************
*** PLACEMENT SUMMARY
***

"A1":  place at start of [0x00000000-0x0003ffff] { ro section .intvec };
"P1":  place in [from 0x00000000 to 0x0003ffff] { ro };
"P7":  place in [from 0x20000000 to 0x20017fff] { rw, block HEAP, block CSTACK };

  Section             Kind        Address    Size  Object
  -------             ----        -------    ----  ------
"A1":                                       0x11c
  .intvec             const    0x00000000   0x11c  app_vect.o [1]
                             - 0x0000011c   0x11c

"P1":                                      0x8a04
  .text               ro code  0x0000011c  0x12d0  fatfs.o [1]
  .text               ro code  0x000013ec    0x42  strcmp.o [5]
  .text               ro code  0x0000142e    0x22  zero_init3.o [5]
  .text               ro code  0x00001450   0x794  microsd.o [1]
  .text               ro code  0x00001be4    0x14  fatfs.o [1]
  .text               ro code  0x00001bf8    0x62  memcmp.o [5]
  .text               ro code  0x00001c5a     0xe  fatfs.o [1]
  .text               ro code  0x00001c68    0x36  strlen.o [5]
  .text               ro code  0x00001c9e     0xa  xsprout.o [3]
  .text               ro code  0x00001ca8    0x44  strcpy.o [5]
  .text               ro code  0x00001cec    0x1c  strcat.o [3]
  .text               ro code  0x00001d08    0x34  sprintf.o [3]
  .text               ro code  0x00001d3c   0x2fc  gpio.o [1]
  .text               ro code  0x00002038    0xa0  ssi.o [1]
  .text               ro code  0x000020d8   0x490  sysctl.o [1]
  .text               ro code  0x00002568    0x66  ABImemset.o [5]
  .rodata             const    0x000025ce     0x2  os_cfg_app.o [1]
  .text               ro code  0x000025d0    0x76  ABImemcpy.o [5]
  .rodata             const    0x00002646     0x2  os_cfg_app.o [1]
  .text               ro code  0x00002648  0x10c6  xprintffull.o [3]
  .text               ro code  0x0000370e    0x20  xmbtowc.o [3]
  .rodata             const    0x0000372e     0x2  os_cfg_app.o [1]
  .text               ro code  0x00003730    0x16  strchr.o [5]
  .rodata             const    0x00003746     0x2  os_dbg.o [1]
  .text               ro code  0x00003748    0x58  memchr.o [5]
  .text               ro code  0x000037a0     0xa  xmbcurmax.o [3]
  .rodata             const    0x000037aa     0x2  os_dbg.o [1]
  .text               ro code  0x000037ac    0xb0  xxmemxmalloc.o [3]
  .text               ro code  0x0000385c    0x1a  xwctomb.o [3]
  .rodata             const    0x00003876     0x2  os_dbg.o [1]
  .text               ro code  0x00003878    0x80  xxmemxfree.o [3]
  .text               ro code  0x000038f8    0xee  I64DivMod.o [5]
  .rodata             const    0x000039e6     0x2  os_dbg.o [1]
  .text               ro code  0x000039e8   0x1a2  DblMul.o [4]
  .text               ro code  0x00003b8a    0x42  xdnorm.o [4]
  .text               ro code  0x00003bcc    0x2e  DblCmpLe.o [4]
  .rodata             const    0x00003bfa     0x2  os_dbg.o [1]
  .text               ro code  0x00003bfc    0x2e  DblCmpGe.o [4]
  .rodata             const    0x00003c2a     0x2  os_dbg.o [1]
  .text               ro code  0x00003c2c   0x10c  xdscale.o [4]
  .text               ro code  0x00003d38    0x58  DblToI32.o [4]
  .text               ro code  0x00003d90    0x30  I32ToDbl.o [4]
  .text               ro code  0x00003dc0   0x180  DblSub.o [4]
  .text               ro code  0x00003f40   0x246  DblDiv.o [4]
  .rodata             const    0x00004186     0x2  os_dbg.o [1]
  .text               ro code  0x00004188    0x6c  localeconv.o [3]
  .text               ro code  0x000041f4     0xe  div.o [3]
  .rodata             const    0x00004202     0x2  os_dbg.o [1]
  .text               ro code  0x00004204    0x14  setlocale.o [3]
  .text               ro code  0x00004218    0x60  xencoding_sb.o [3]
  .text               ro code  0x00004278    0x2c  xgetmemchunk.o [3]
  .text               ro code  0x000042a4     0x2  I64DivZer.o [5]
  .rodata             const    0x000042a6     0x2  os_dbg.o [1]
  .text               ro code  0x000042a8    0xd4  DblAdd.o [4]
  .text               ro code  0x0000437c     0x2  xtls.o [3]
  .rodata             const    0x0000437e     0x2  os_dbg.o [1]
  .text               ro code  0x00004380   0xac4  os_core.o [1]
  .text               ro code  0x00004e44   0x21c  os_cpu_c.o [1]
  .text               ro code  0x00005060    0x88  os_prio.o [1]
  .text               ro code  0x000050e8   0x72c  os_task.o [1]
  .text               ro code  0x00005814   0x3f4  os_tick.o [1]
  .text               ro code  0x00005c08    0x1c  os_flag.o [1]
  .text               ro code  0x00005c24   0x15c  os_msg.o [1]
  .text               ro code  0x00005d80   0x450  os_mutex.o [1]
  .text               ro code  0x000061d0   0x2b4  os_q.o [1]
  .text               ro code  0x00006484    0x1c  os_sem.o [1]
  .text               ro code  0x000064a0   0x2e4  os_tmr.o [1]
  .text               ro code  0x00006784   0x228  os_dbg.o [1]
  .text               ro code  0x000069ac    0xe0  os_cfg_app.o [1]
  CODE                ro code  0x00006a8c    0x2a  cpu_a.o [1]
  .rodata             const    0x00006ab6     0x2  os_dbg.o [1]
  .text               ro code  0x00006ab8   0x1a0  cpu_core.o [1]
  CODE                ro code  0x00006c58    0x84  os_cpu_a.o [1]
  .text               ro code  0x00006cdc    0x28  cpu_bsp.o [1]
  .text               ro code  0x00006d04    0x8c  os_time.o [1]
  .text               ro code  0x00006d90    0x66  lib_mem.o [1]
  .rodata             const    0x00006df6     0x2  os_dbg.o [1]
  .text               ro code  0x00006df8    0xa8  bsp.o [1]
  .text               ro code  0x00006ea0   0x256  bsp_int.o [1]
  .rodata             const    0x000070f6     0x2  os_dbg.o [1]
  .text               ro code  0x000070f8   0x334  bsp_display.o [1]
  .text               ro code  0x0000742c    0xc0  bsp_io.o [1]
  .text               ro code  0x000074ec   0x154  bsp_sensors.o [1]
  .text               ro code  0x00007640   0x1f8  bsp_motor.o [1]
  .text               ro code  0x00007838   0x13c  cpu_c.o [1]
  .text               ro code  0x00007974    0xac  i2c.o [1]
  .text               ro code  0x00007a20    0x98  pwm.o [1]
  .text               ro code  0x00007ab8   0x82c  app.o [1]
  .text               ro code  0x000082e4    0x40  ethernet.o [1]
  .rodata             const    0x00008324   0x1dc  bsp_display.o [1]
  .text               ro code  0x00008500    0xb0  packbits_init.o [5]
  .text               ro code  0x000085b0     0x6  abort.o [3]
  .rodata             const    0x000085b6     0x2  os_dbg.o [1]
  .text               ro code  0x000085b8    0x14  exit.o [6]
  .rodata             const    0x000085cc    0x5c  sysctl.o [1]
  .rodata             const    0x00008628    0x50  bsp_display.o [1]
  .rodata             const    0x00008678    0x48  gpio.o [1]
  .rodata             const    0x000086c0    0x34  os_dbg.o [1]
  .rodata             const    0x000086f4    0x30  os_dbg.o [1]
  .rodata             const    0x00008724    0x2c  os_dbg.o [1]
  .rodata             const    0x00008750    0x28  os_dbg.o [1]
  .rodata             const    0x00008778    0x28  os_dbg.o [1]
  .text               ro code  0x000087a0    0x28  data_init.o [5]
  .rodata             const    0x000087c8    0x24  fatfs.o [1]
  .iar.init_table     const    0x000087ec    0x2c  - Linker created -
  .rodata             const    0x00008818    0x20  fatfs.o [1]
  .rodata             const    0x00008838    0x20  os_dbg.o [1]
  .rodata             const    0x00008858    0x1c  fatfs.o [1]
  .rodata             const    0x00008874    0x18  app.o [1]
  .rodata             const    0x0000888c    0x18  os_tmr.o [1]
  .text               ro code  0x000088a4    0x16  cmain.o [5]
  .text               ro code  0x000088ba     0x4  low_level_init.o [3]
  .text               ro code  0x000088be     0x4  exit.o [3]
  .rodata             const    0x000088c2     0x2  os_dbg.o [1]
  .text               ro code  0x000088c4     0xa  cexit.o [5]
  .rodata             const    0x000088ce     0x2  os_dbg.o [1]
  .rodata             const    0x000088d0    0x14  app.o [1]
  .rodata             const    0x000088e4    0x14  os_core.o [1]
  .rodata             const    0x000088f8    0x14  os_tick.o [1]
  .rodata             const    0x0000890c    0x10  app.o [1]
  .rodata             const    0x0000891c    0x10  app.o [1]
  .rodata             const    0x0000892c    0x10  app.o [1]
  .rodata             const    0x0000893c    0x10  app.o [1]
  .rodata             const    0x0000894c    0x10  app.o [1]
  .rodata             const    0x0000895c    0x10  app.o [1]
  .rodata             const    0x0000896c     0xc  app.o [1]
  .rodata             const    0x00008978     0xc  app.o [1]
  .rodata             const    0x00008984     0xc  app.o [1]
  .rodata             const    0x00008990     0xc  app.o [1]
  .rodata             const    0x0000899c     0xc  os_core.o [1]
  .rodata             const    0x000089a8     0xc  sysctl.o [1]
  .rodata             const    0x000089b4     0xc  sysctl.o [1]
  .rodata             const    0x000089c0     0xc  sysctl.o [1]
  .text               ro code  0x000089cc     0xc  app_vect.o [1]
  .text               ro code  0x000089d8     0xc  cstartup_M.o [5]
  .rodata             const    0x000089e4     0x8  bsp_display.o [1]
  .rodata             const    0x000089ec     0x8  bsp_display.o [1]
  .rodata             const    0x000089f4     0x8  fatfs.o [1]
  .rodata             const    0x000089fc     0x8  fatfs.o [1]
  .rodata             const    0x00008a04     0x8  fatfs.o [1]
  .rodata             const    0x00008a0c     0x8  fatfs.o [1]
  .rodata             const    0x00008a14     0x8  os_core.o [1]
  .rodata             const    0x00008a1c     0x8  os_task.o [1]
  .rodata             const    0x00008a24     0x4  fatfs.o [1]
  .rodata             const    0x00008a28     0x4  fatfs.o [1]
  .rodata             const    0x00008a2c     0x4  fatfs.o [1]
  .rodata             const    0x00008a30     0x4  os_cfg_app.o [1]
  .rodata             const    0x00008a34     0x4  os_cfg_app.o [1]
  .rodata             const    0x00008a38     0x4  os_cfg_app.o [1]
  .rodata             const    0x00008a3c     0x4  os_cfg_app.o [1]
  .rodata             const    0x00008a40     0x4  os_cfg_app.o [1]
  .rodata             const    0x00008a44     0x4  os_cfg_app.o [1]
  .rodata             const    0x00008a48     0x4  os_cfg_app.o [1]
  .rodata             const    0x00008a4c     0x4  os_cfg_app.o [1]
  .rodata             const    0x00008a50     0x4  os_cfg_app.o [1]
  .rodata             const    0x00008a54     0x4  os_cfg_app.o [1]
  .rodata             const    0x00008a58     0x4  os_cfg_app.o [1]
  .rodata             const    0x00008a5c     0x4  os_cfg_app.o [1]
  .rodata             const    0x00008a60     0x4  os_cfg_app.o [1]
  .rodata             const    0x00008a64     0x4  os_cfg_app.o [1]
  .rodata             const    0x00008a68     0x4  os_cfg_app.o [1]
  .rodata             const    0x00008a6c     0x4  os_cfg_app.o [1]
  .rodata             const    0x00008a70     0x4  os_cfg_app.o [1]
  .rodata             const    0x00008a74     0x4  os_cfg_app.o [1]
  .rodata             const    0x00008a78     0x4  os_cfg_app.o [1]
  .rodata             const    0x00008a7c     0x4  os_cfg_app.o [1]
  .rodata             const    0x00008a80     0x4  os_cfg_app.o [1]
  .rodata             const    0x00008a84     0x4  os_cfg_app.o [1]
  .rodata             const    0x00008a88     0x4  os_cfg_app.o [1]
  .rodata             const    0x00008a8c     0x4  os_dbg.o [1]
  .rodata             const    0x00008a90     0x4  os_dbg.o [1]
  .rodata             const    0x00008a94     0x4  os_dbg.o [1]
  .rodata             const    0x00008a98     0x2  os_dbg.o [1]
  .rodata             const    0x00008a9a     0x2  os_dbg.o [1]
  .rodata             const    0x00008a9c     0x2  os_dbg.o [1]
  .rodata             const    0x00008a9e     0x2  os_dbg.o [1]
  .rodata             const    0x00008aa0     0x2  os_dbg.o [1]
  .rodata             const    0x00008aa2     0x2  os_dbg.o [1]
  .rodata             const    0x00008aa4     0x1  os_cfg_app.o [1]
  .rodata             const    0x00008aa5     0x1  os_cfg_app.o [1]
  .rodata             const    0x00008aa6     0x1  os_dbg.o [1]
  .rodata             const    0x00008aa7     0x1  os_dbg.o [1]
  .rodata             const    0x00008aa8     0x1  os_dbg.o [1]
  .rodata             const    0x00008aa9     0x1  os_dbg.o [1]
  .rodata             const    0x00008aaa     0x1  os_dbg.o [1]
  .rodata             const    0x00008aab     0x1  os_dbg.o [1]
  .rodata             const    0x00008aac     0x1  os_dbg.o [1]
  .rodata             const    0x00008aad     0x1  os_dbg.o [1]
  .rodata             const    0x00008aae     0x1  os_dbg.o [1]
  .rodata             const    0x00008aaf     0x1  os_dbg.o [1]
  .rodata             const    0x00008ab0     0x1  os_dbg.o [1]
  .rodata             const    0x00008ab1     0x1  os_dbg.o [1]
  .rodata             const    0x00008ab2     0x1  os_dbg.o [1]
  .rodata             const    0x00008ab3     0x1  os_dbg.o [1]
  .rodata             const    0x00008ab4     0x1  os_dbg.o [1]
  .rodata             const    0x00008ab5     0x1  os_dbg.o [1]
  .rodata             const    0x00008ab6     0x1  os_dbg.o [1]
  .rodata             const    0x00008ab7     0x1  os_dbg.o [1]
  .rodata             const    0x00008ab8     0x1  os_dbg.o [1]
  .rodata             const    0x00008ab9     0x1  os_dbg.o [1]
  .rodata             const    0x00008aba     0x1  os_dbg.o [1]
  .rodata             const    0x00008abb     0x1  os_dbg.o [1]
  .rodata             const    0x00008abc     0x1  os_dbg.o [1]
  .rodata             const    0x00008abd     0x1  os_dbg.o [1]
  .rodata             const    0x00008abe     0x1  os_dbg.o [1]
  .rodata             const    0x00008abf     0x1  os_dbg.o [1]
  .rodata             const    0x00008ac0     0x1  os_dbg.o [1]
  .rodata             const    0x00008ac1     0x1  os_dbg.o [1]
  .rodata             const    0x00008ac2     0x1  os_dbg.o [1]
  .rodata             const    0x00008ac3     0x1  os_dbg.o [1]
  .rodata             const    0x00008ac4     0x1  os_dbg.o [1]
  .rodata             const    0x00008ac5     0x1  os_dbg.o [1]
  .rodata             const    0x00008ac6     0x1  os_dbg.o [1]
  .rodata             const    0x00008ac7     0x1  os_dbg.o [1]
  .rodata             const    0x00008ac8     0x1  os_dbg.o [1]
  .rodata             const    0x00008ac9     0x1  os_dbg.o [1]
  .rodata             const    0x00008aca     0x1  os_dbg.o [1]
  .rodata             const    0x00008acb     0x1  os_dbg.o [1]
  .rodata             const    0x00008acc     0x0  zero_init3.o [5]
  .rodata             const    0x00008acc     0x0  packbits_init.o [5]
  Initializer bytes   ro data  0x00008acc    0x51  <for P7 s0>
                             - 0x00008b1d  0x8a01

"P7", part 1 of 3:                          0x19c
  P7 s0                        0x20000000   0x199  <Init block>
    __DLIB_PERTHREAD  inited   0x20000000    0x88  localeconv.o [3]
    __DLIB_PERTHREAD  inited   0x20000088    0x74  setlocale.o [3]
    .data             inited   0x200000fc    0x40  fatfs.o [1]
    .data             inited   0x2000013c    0x30  fatfs.o [1]
    .data             inited   0x2000016c    0x20  app.o [1]
    .data             inited   0x2000018c     0x4  app.o [1]
    .data             inited   0x20000190     0x4  app.o [1]
    .data             inited   0x20000194     0x4  bsp_display.o [1]
    .data             inited   0x20000198     0x1  microsd.o [1]
                             - 0x20000199   0x199

"P7", part 2 of 3:                         0x2cbc
  .bss                zero     0x2000019c   0x640  os_cfg_app.o [1]
  .bss                zero     0x200007dc   0x22c  app.o [1]
  .bss                zero     0x20000a08   0x224  fatfs.o [1]
  .bss                zero     0x20000c2c   0x200  app.o [1]
  .bss                zero     0x20000e2c   0x200  app.o [1]
  .bss                zero     0x2000102c   0x200  app.o [1]
  .bss                zero     0x2000122c   0x200  app.o [1]
  .bss                zero     0x2000142c   0x200  app.o [1]
  .bss                zero     0x2000162c   0x200  app.o [1]
  .bss                zero     0x2000182c   0x200  app.o [1]
  .bss                zero     0x20001a2c   0x200  os_cfg_app.o [1]
  .bss                zero     0x20001c2c   0x200  os_cfg_app.o [1]
  .bss                zero     0x20001e2c   0x200  os_cfg_app.o [1]
  .bss                zero     0x2000202c   0x200  os_cfg_app.o [1]
  .bss                zero     0x2000222c   0x118  bsp_int.o [1]
  .bss                zero     0x20002344    0xf0  os_var.o [1]
  .bss                zero     0x20002434    0xbc  app.o [1]
  .bss                zero     0x200024f0    0xbc  app.o [1]
  .bss                zero     0x200025ac    0xbc  app.o [1]
  .bss                zero     0x20002668    0xbc  app.o [1]
  .bss                zero     0x20002724    0xbc  app.o [1]
  .bss                zero     0x200027e0    0xbc  app.o [1]
  .bss                zero     0x2000289c    0xbc  app.o [1]
  .bss                zero     0x20002958    0xbc  os_var.o [1]
  .bss                zero     0x20002a14    0xbc  os_var.o [1]
  .bss                zero     0x20002ad0    0xbc  os_var.o [1]
  .bss                zero     0x20002b8c    0x68  os_cfg_app.o [1]
  .bss                zero     0x20002bf4    0x68  os_cfg_app.o [1]
  .bss                zero     0x20002c5c    0x40  fatfs.o [1]
  .bss                zero     0x20002c9c    0x30  app.o [1]
  .bss                zero     0x20002ccc    0x2c  app.o [1]
  .bss                zero     0x20002cf8    0x2c  app.o [1]
  .bss                zero     0x20002d24    0x2c  app.o [1]
  .bss                zero     0x20002d50    0x24  fatfs.o [1]
  .bss                zero     0x20002d74    0x10  cpu_core.o [1]
  .bss                zero     0x20002d84     0x8  fatfs.o [1]
  .bss                zero     0x20002d8c     0x8  os_var.o [1]
  .bss                zero     0x20002d94     0x8  xxmemxmalloc.o [3]
  .bss                zero     0x20002d9c     0x4  bsp.o [1]
  .bss                zero     0x20002da0     0x4  bsp_display.o [1]
  .bss                zero     0x20002da4     0x4  cpu_core.o [1]
  .bss                zero     0x20002da8     0x4  cpu_core.o [1]
  .bss                zero     0x20002dac     0x4  cpu_core.o [1]
  .bss                zero     0x20002db0     0x4  cpu_core.o [1]
  .bss                zero     0x20002db4     0x4  cpu_core.o [1]
  .bss                zero     0x20002db8     0x4  cpu_core.o [1]
  .bss                zero     0x20002dbc     0x4  os_cpu_c.o [1]
  .bss                zero     0x20002dc0     0x4  os_prio.o [1]
  .bss                zero     0x20002dc4     0x4  os_var.o [1]
  .bss                zero     0x20002dc8     0x4  os_var.o [1]
  .bss                zero     0x20002dcc     0x4  os_var.o [1]
  .bss                zero     0x20002dd0     0x4  os_var.o [1]
  .bss                zero     0x20002dd4     0x4  os_var.o [1]
  .bss                zero     0x20002dd8     0x4  os_var.o [1]
  .bss                zero     0x20002ddc     0x4  os_var.o [1]
  .bss                zero     0x20002de0     0x4  os_var.o [1]
  .bss                zero     0x20002de4     0x4  os_var.o [1]
  .bss                zero     0x20002de8     0x4  os_var.o [1]
  .bss                zero     0x20002dec     0x4  os_var.o [1]
  .bss                zero     0x20002df0     0x4  os_var.o [1]
  .bss                zero     0x20002df4     0x4  os_var.o [1]
  .bss                zero     0x20002df8     0x4  os_var.o [1]
  .bss                zero     0x20002dfc     0x4  os_var.o [1]
  .bss                zero     0x20002e00     0x4  os_var.o [1]
  .bss                zero     0x20002e04     0x4  os_var.o [1]
  .bss                zero     0x20002e08     0x4  os_var.o [1]
  .bss                zero     0x20002e0c     0x4  os_var.o [1]
  .bss                zero     0x20002e10     0x4  os_var.o [1]
  .bss                zero     0x20002e14     0x4  os_var.o [1]
  .bss                zero     0x20002e18     0x4  os_var.o [1]
  .bss                zero     0x20002e1c     0x4  os_var.o [1]
  .bss                zero     0x20002e20     0x4  os_var.o [1]
  .bss                zero     0x20002e24     0x4  os_var.o [1]
  .bss                zero     0x20002e28     0x4  os_var.o [1]
  .bss                zero     0x20002e2c     0x4  os_var.o [1]
  .bss                zero     0x20002e30     0x4  xgetmemchunk.o [3]
  .bss                zero     0x20002e34     0x2  cpu_core.o [1]
  .bss                zero     0x20002e36     0x2  cpu_core.o [1]
  .bss                zero     0x20002e38     0x2  fatfs.o [1]
  .bss                zero     0x20002e3a     0x2  os_var.o [1]
  .bss                zero     0x20002e3c     0x2  os_var.o [1]
  .bss                zero     0x20002e3e     0x2  os_var.o [1]
  .bss                zero     0x20002e40     0x2  os_var.o [1]
  .bss                zero     0x20002e42     0x2  os_var.o [1]
  .bss                zero     0x20002e44     0x1  app.o [1]
  .bss                zero     0x20002e45     0x1  app.o [1]
  .bss                zero     0x20002e46     0x1  app.o [1]
  .bss                zero     0x20002e47     0x1  app.o [1]
  .bss                zero     0x20002e48     0x1  app.o [1]
  .bss                zero     0x20002e49     0x1  microsd.o [1]
  .bss                zero     0x20002e4a     0x1  microsd.o [1]
  .bss                zero     0x20002e4b     0x1  microsd.o [1]
  .bss                zero     0x20002e4c     0x1  microsd.o [1]
  .bss                zero     0x20002e4d     0x1  os_var.o [1]
  .bss                zero     0x20002e4e     0x1  os_var.o [1]
  .bss                zero     0x20002e4f     0x1  os_var.o [1]
  .bss                zero     0x20002e50     0x1  os_var.o [1]
  .bss                zero     0x20002e51     0x1  os_var.o [1]
  .bss                zero     0x20002e52     0x1  os_var.o [1]
                             - 0x20002e53  0x2cb7

"P7", part 3 of 3:                          0x400
  HEAP                         0x20002e58     0x0  <Block>
  CSTACK                       0x20002e58   0x400  <Block>
    CSTACK            uninit   0x20002e58   0x400  <Block tail>
                             - 0x20003258   0x400


*******************************************************************************
*** INIT TABLE
***

          Address     Size
          -------     ----
Zero (__iar_zero_init3)
    1 destination range, total size 0x2cb7:
          0x2000019c  0x2cb7

Copy/packbits (__iar_packbits_init3)
    1 source range, total size 0x51 (19% of destination):
          0x00008acc    0x51
    1 destination range, total size 0x199:
          0x20000000   0x199



*******************************************************************************
*** MODULE SUMMARY
***

    Module            ro code  ro data  rw data
    ------            -------  -------  -------
G:\CE4053\CE4053_PG\Micrium\Software\EvalBoards\TI\LM3S9B92-EVALBOT\IAR\uCOS-III-CE4053_PG\Flash\Obj: [1]
    app.o               2 092      196    5 681
    app_vect.o             12      284
    bsp.o                 168                 4
    bsp_display.o         820      572        8
    bsp_int.o             598               280
    bsp_io.o              192
    bsp_motor.o           504
    bsp_sensors.o         340
    cpu_a.o                42
    cpu_bsp.o              40
    cpu_c.o               316
    cpu_core.o            416                44
    ethernet.o             64
    fatfs.o             4 850      163      770
    gpio.o                764       72
    i2c.o                 172
    lib_mem.o             102
    microsd.o           1 940        1        5
    os_cfg_app.o          224      100    3 856
    os_core.o           2 756       40
    os_cpu_a.o            132
    os_cpu_c.o            540                 4
    os_dbg.o              552      350
    os_flag.o              28
    os_msg.o              348
    os_mutex.o          1 104
    os_prio.o             136                 4
    os_q.o                692
    os_sem.o               28
    os_task.o           1 836        8
    os_tick.o           1 012       20
    os_time.o             140
    os_tmr.o              740       24
    os_var.o                                936
    pwm.o                 152
    ssi.o                 160
    sysctl.o            1 168      128
    -------------------------------------------
    Total:             25 180    1 958   11 592

command line: [2]
    -------------------------------------------
    Total:

dl7M_tlf.a: [3]
    abort.o                 6
    div.o                  14
    exit.o                  4
    localeconv.o          108       26      136
    low_level_init.o        4
    setlocale.o            20       23      116
    sprintf.o              52
    strcat.o               28
    xencoding_sb.o         96
    xgetmemchunk.o         44                 4
    xmbcurmax.o            10
    xmbtowc.o              32
    xprintffull.o       4 294
    xsprout.o              10
    xtls.o                  2
    xwctomb.o              26
    xxmemxfree.o          128
    xxmemxmalloc.o        176                 8
    -------------------------------------------
    Total:              5 054       49      264

m7M_tl.a: [4]
    DblAdd.o              212
    DblCmpGe.o             46
    DblCmpLe.o             46
    DblDiv.o              582
    DblMul.o              418
    DblSub.o              384
    DblToI32.o             88
    I32ToDbl.o             48
    xdnorm.o               66
    xdscale.o             268
    -------------------------------------------
    Total:              2 158

rt7M_tl.a: [5]
    ABImemcpy.o           118
    ABImemset.o           102
    I64DivMod.o           238
    I64DivZer.o             2
    cexit.o                10
    cmain.o                22
    cstartup_M.o           12
    data_init.o            40
    memchr.o               88
    memcmp.o               98
    packbits_init.o       176
    strchr.o               22
    strcmp.o               66
    strcpy.o               68
    strlen.o               54
    zero_init3.o           34
    -------------------------------------------
    Total:              1 150

shb_l.a: [6]
    exit.o                 20
    -------------------------------------------
    Total:                 20

    Linker created                  44    1 024
-----------------------------------------------
    Grand Total:       33 562    2 051   12 880


*******************************************************************************
*** ENTRY LIST
***

Entry                      Address   Size  Type      Object
-----                      -------   ----  ----      ------
?main                   0x000088a5         Code  Gb  cmain.o [5]
AppRobotMotorDriveSensorEnable
                        0x0000814d   0x1c  Code  Lc  app.o [1]
AppTaskOne              0x00007edd   0x92  Code  Lc  app.o [1]
AppTaskOneStk           0x20000e2c  0x200  Data  Lc  app.o [1]
AppTaskOneTCB           0x200024f0   0xbc  Data  Lc  app.o [1]
AppTaskRepeatOne        0x00007d35   0x8a  Code  Lc  app.o [1]
AppTaskRepeatOneStk     0x2000142c  0x200  Data  Lc  app.o [1]
AppTaskRepeatOneTCB     0x20002724   0xbc  Data  Lc  app.o [1]
AppTaskRepeatThree      0x00007e4d   0x8a  Code  Lc  app.o [1]
AppTaskRepeatThreeStk   0x2000182c  0x200  Data  Lc  app.o [1]
AppTaskRepeatThreeTCB   0x2000289c   0xbc  Data  Lc  app.o [1]
AppTaskRepeatTwo        0x00007dc1   0x8a  Code  Lc  app.o [1]
AppTaskRepeatTwoStk     0x2000162c  0x200  Data  Lc  app.o [1]
AppTaskRepeatTwoTCB     0x200027e0   0xbc  Data  Lc  app.o [1]
AppTaskStart            0x00007b0d  0x226  Code  Lc  app.o [1]
AppTaskStartStk         0x20000c2c  0x200  Data  Lc  app.o [1]
AppTaskStartTCB         0x20002434   0xbc  Data  Lc  app.o [1]
AppTaskThree            0x00007ffd   0x7e  Code  Lc  app.o [1]
AppTaskThreeStk         0x2000122c  0x200  Data  Lc  app.o [1]
AppTaskThreeTCB         0x20002668   0xbc  Data  Lc  app.o [1]
AppTaskTwo              0x00007f71   0x8c  Code  Lc  app.o [1]
AppTaskTwoStk           0x2000102c  0x200  Data  Lc  app.o [1]
AppTaskTwoTCB           0x200025ac   0xbc  Data  Lc  app.o [1]
App_BusFault_ISR        0x000089d1    0x2  Code  Lc  app_vect.o [1]
App_Fault_ISR           0x000089cf    0x2  Code  Lc  app_vect.o [1]
App_MemFault_ISR        0x000089d5    0x2  Code  Lc  app_vect.o [1]
App_NMI_ISR             0x000089cd    0x2  Code  Lc  app_vect.o [1]
App_Spurious_ISR        0x000089d7    0x2  Code  Lc  app_vect.o [1]
App_UsageFault_ISR      0x000089d3    0x2  Code  Lc  app_vect.o [1]
BSP_BumpSensorsInit     0x000074ed   0x18  Code  Gb  bsp_sensors.o [1]
BSP_CPUClkFreq          0x00006e5d   0x12  Code  Gb  bsp.o [1]
BSP_CPU_ClkFreq_MHz     0x20002d9c    0x4  Data  Gb  bsp.o [1]
BSP_DisplayClear        0x000071d1   0x4c  Code  Gb  bsp_display.o [1]
BSP_DisplayInit         0x0000731f   0xd8  Code  Gb  bsp_display.o [1]
BSP_DisplayOn           0x000072e3   0x3c  Code  Gb  bsp_display.o [1]
BSP_DisplayStringDraw   0x0000721d   0xc6  Code  Gb  bsp_display.o [1]
BSP_DisplayWriteArray   0x00007153   0x3e  Code  Lc  bsp_display.o [1]
BSP_DisplayWriteByte    0x00007121   0x32  Code  Lc  bsp_display.o [1]
BSP_DisplayWriteFinal   0x00007191   0x40  Code  Lc  bsp_display.o [1]
BSP_DisplayWriteFirst   0x000070f9   0x28  Code  Lc  bsp_display.o [1]
BSP_Init                0x00006df9   0x64  Code  Gb  bsp.o [1]
BSP_IntDisAll           0x00006ea1    0x8  Code  Gb  bsp_int.o [1]
BSP_IntEn               0x00006ea9   0x10  Code  Gb  bsp_int.o [1]
BSP_IntHandler          0x000070cf   0x20  Code  Lc  bsp_int.o [1]
BSP_IntHandlerADC0      0x00006f53    0xa  Code  Gb  bsp_int.o [1]
BSP_IntHandlerADC1      0x00006f5d    0xa  Code  Gb  bsp_int.o [1]
BSP_IntHandlerADC1_0    0x00007089    0xa  Code  Gb  bsp_int.o [1]
BSP_IntHandlerADC1_1    0x00007093    0xa  Code  Gb  bsp_int.o [1]
BSP_IntHandlerADC1_2    0x0000709d    0xa  Code  Gb  bsp_int.o [1]
BSP_IntHandlerADC1_3    0x000070a7    0xa  Code  Gb  bsp_int.o [1]
BSP_IntHandlerADC2      0x00006f67    0xa  Code  Gb  bsp_int.o [1]
BSP_IntHandlerADC3      0x00006f71    0xa  Code  Gb  bsp_int.o [1]
BSP_IntHandlerCAN0      0x00007043    0xa  Code  Gb  bsp_int.o [1]
BSP_IntHandlerCAN1      0x0000704d    0xa  Code  Gb  bsp_int.o [1]
BSP_IntHandlerCOMP0     0x00006fc1    0xa  Code  Gb  bsp_int.o [1]
BSP_IntHandlerCOMP1     0x00006fcb    0xa  Code  Gb  bsp_int.o [1]
BSP_IntHandlerCOMP2     0x00006fd5    0xa  Code  Gb  bsp_int.o [1]
BSP_IntHandlerDummy     0x000070f5    0x2  Code  Lc  bsp_int.o [1]
BSP_IntHandlerEPI       0x000070bb    0xa  Code  Gb  bsp_int.o [1]
BSP_IntHandlerETH       0x00007057    0xa  Code  Gb  bsp_int.o [1]
BSP_IntHandlerFLASH     0x00006fe9    0xa  Code  Gb  bsp_int.o [1]
BSP_IntHandlerGPIOA     0x00006ef9    0xa  Code  Gb  bsp_int.o [1]
BSP_IntHandlerGPIOB     0x00006f03    0xa  Code  Gb  bsp_int.o [1]
BSP_IntHandlerGPIOC     0x00006f0d    0xa  Code  Gb  bsp_int.o [1]
BSP_IntHandlerGPIOD     0x00006f17    0xa  Code  Gb  bsp_int.o [1]
BSP_IntHandlerGPIOE     0x00006f21    0xa  Code  Gb  bsp_int.o [1]
BSP_IntHandlerGPIOF     0x00006ff3    0xa  Code  Gb  bsp_int.o [1]
BSP_IntHandlerGPIOG     0x00006ffd    0xa  Code  Gb  bsp_int.o [1]
BSP_IntHandlerGPIOH     0x00007007    0xa  Code  Gb  bsp_int.o [1]
BSP_IntHandlerGPIOJ     0x000070c5    0xa  Code  Gb  bsp_int.o [1]
BSP_IntHandlerHIBERNATE
                        0x00007061    0xa  Code  Gb  bsp_int.o [1]
BSP_IntHandlerI2C0      0x00006f49    0xa  Code  Gb  bsp_int.o [1]
BSP_IntHandlerI2C1      0x00007039    0xa  Code  Gb  bsp_int.o [1]
BSP_IntHandlerI2S0      0x000070b1    0xa  Code  Gb  bsp_int.o [1]
BSP_IntHandlerSSI0      0x00006f3f    0xa  Code  Gb  bsp_int.o [1]
BSP_IntHandlerSSI1      0x0000701b    0xa  Code  Gb  bsp_int.o [1]
BSP_IntHandlerSYSCTL    0x00006fdf    0xa  Code  Gb  bsp_int.o [1]
BSP_IntHandlerTIMER0A   0x00006f85    0xa  Code  Gb  bsp_int.o [1]
BSP_IntHandlerTIMER0B   0x00006f8f    0xa  Code  Gb  bsp_int.o [1]
BSP_IntHandlerTIMER1A   0x00006f99    0xa  Code  Gb  bsp_int.o [1]
BSP_IntHandlerTIMER1B   0x00006fa3    0xa  Code  Gb  bsp_int.o [1]
BSP_IntHandlerTIMER2A   0x00006fad    0xa  Code  Gb  bsp_int.o [1]
BSP_IntHandlerTIMER2B   0x00006fb7    0xa  Code  Gb  bsp_int.o [1]
BSP_IntHandlerTIMER3A   0x00007025    0xa  Code  Gb  bsp_int.o [1]
BSP_IntHandlerTIMER3B   0x0000702f    0xa  Code  Gb  bsp_int.o [1]
BSP_IntHandlerUART0     0x00006f2b    0xa  Code  Gb  bsp_int.o [1]
BSP_IntHandlerUART1     0x00006f35    0xa  Code  Gb  bsp_int.o [1]
BSP_IntHandlerUART2     0x00007011    0xa  Code  Gb  bsp_int.o [1]
BSP_IntHandlerUDMA_ERR  0x0000707f    0xa  Code  Gb  bsp_int.o [1]
BSP_IntHandlerUDMA_SW   0x00007075    0xa  Code  Gb  bsp_int.o [1]
BSP_IntHandlerUSB       0x0000706b    0xa  Code  Gb  bsp_int.o [1]
BSP_IntHandlerWATCHDOG  0x00006f7b    0xa  Code  Gb  bsp_int.o [1]
BSP_IntInit             0x00006ee1   0x18  Code  Gb  bsp_int.o [1]
BSP_IntVectSet          0x00006eb9   0x28  Code  Gb  bsp_int.o [1]
BSP_IntVectTbl          0x2000222c  0x118  Data  Lc  bsp_int.o [1]
BSP_LED_Off             0x00007457   0x36  Code  Gb  bsp_io.o [1]
BSP_LED_Toggle          0x0000748d   0x54  Code  Gb  bsp_io.o [1]
BSP_LEDsInit            0x00007445   0x12  Code  Gb  bsp_io.o [1]
BSP_MotorDir            0x0000771d   0x44  Code  Gb  bsp_motor.o [1]
BSP_MotorRun            0x00007761   0x1c  Code  Gb  bsp_motor.o [1]
BSP_MotorSpeed          0x000077ad   0x76  Code  Gb  bsp_motor.o [1]
BSP_MotorStop           0x0000777d   0x30  Code  Gb  bsp_motor.o [1]
BSP_MotorsInit          0x00007641   0xdc  Code  Gb  bsp_motor.o [1]
BSP_PushButtonsInit     0x0000742d   0x18  Code  Gb  bsp_io.o [1]
BSP_WheelSensorEnable   0x000075a7    0xe  Code  Gb  bsp_sensors.o [1]
BSP_WheelSensorIntEnable
                        0x000075b5   0x7e  Code  Gb  bsp_sensors.o [1]
BSP_WheelSensorsInit    0x00007505   0xa2  Code  Gb  bsp_sensors.o [1]
CPU_CntLeadZeros        0x00006aa3         Code  Gb  cpu_a.o [1]
CPU_Init                0x00006ab9   0x10  Code  Gb  cpu_core.o [1]
CPU_IntDis              0x00006a8d         Code  Gb  cpu_a.o [1]
CPU_IntDisMeasCtr       0x20002e34    0x2  Data  Gb  cpu_core.o [1]
CPU_IntDisMeasInit      0x00006bab   0x74  Code  Lc  cpu_core.o [1]
CPU_IntDisMeasMaxCalc   0x00006c1f   0x14  Code  Lc  cpu_core.o [1]
CPU_IntDisMeasMaxCurGet
                        0x00006b11   0x1c  Code  Gb  cpu_core.o [1]
CPU_IntDisMeasMaxCurReset
                        0x00006af1   0x20  Code  Gb  cpu_core.o [1]
CPU_IntDisMeasMaxCur_cnts
                        0x20002db4    0x4  Data  Gb  cpu_core.o [1]
CPU_IntDisMeasMax_cnts  0x20002db8    0x4  Data  Gb  cpu_core.o [1]
CPU_IntDisMeasOvrhd_cnts
                        0x20002db0    0x4  Data  Gb  cpu_core.o [1]
CPU_IntDisMeasStart     0x00006b2d   0x28  Code  Gb  cpu_core.o [1]
CPU_IntDisMeasStart_cnts
                        0x20002da8    0x4  Data  Gb  cpu_core.o [1]
CPU_IntDisMeasStop      0x00006b55   0x40  Code  Gb  cpu_core.o [1]
CPU_IntDisMeasStop_cnts
                        0x20002dac    0x4  Data  Gb  cpu_core.o [1]
CPU_IntDisNestCtr       0x20002e36    0x2  Data  Gb  cpu_core.o [1]
CPU_IntEn               0x00006a91         Code  Gb  cpu_a.o [1]
CPU_IntSrcEn            0x00007839  0x12c  Code  Gb  cpu_c.o [1]
CPU_Name                0x20002d74   0x10  Data  Gb  cpu_core.o [1]
CPU_NameClr             0x00006ac9   0x22  Code  Gb  cpu_core.o [1]
CPU_NameInit            0x00006b95    0x8  Code  Lc  cpu_core.o [1]
CPU_RevBits             0x00006aa9         Code  Gb  cpu_a.o [1]
CPU_SR_Restore          0x00006a9d         Code  Gb  cpu_a.o [1]
CPU_SR_Save             0x00006a95         Code  Gb  cpu_a.o [1]
CPU_TS_Init             0x00006b9d    0xe  Code  Lc  cpu_core.o [1]
CPU_TS_TmrFreqSet       0x00006aeb    0x6  Code  Gb  cpu_core.o [1]
CPU_TS_TmrFreq_Hz       0x20002da4    0x4  Data  Gb  cpu_core.o [1]
CPU_TS_TmrInit          0x00006cdd   0x18  Code  Gb  cpu_bsp.o [1]
CPU_TS_TmrRd            0x00006cf5    0x6  Code  Gb  cpu_bsp.o [1]
CPU_WaitForExcept       0x00006ab3         Code  Gb  cpu_a.o [1]
CPU_WaitForInt          0x00006aaf         Code  Gb  cpu_a.o [1]
CSTACK$$Base            0x20002e58          --   Gb  - Linker created -
CSTACK$$Limit           0x20003258          --   Gb  - Linker created -
CardType                0x20002e4b    0x1  Data  Lc  microsd.o [1]
CmdLineProcess          0x0000011d   0x6c  Code  Gb  fatfs.o [1]
Cmd_app                 0x00001261  0x11a  Code  Gb  fatfs.o [1]
Cmd_cat                 0x000011bf   0x9c  Code  Gb  fatfs.o [1]
Cmd_new                 0x0000137b   0x50  Code  Gb  fatfs.o [1]
DESELECT                0x0000146d   0x10  Code  Lc  microsd.o [1]
DummyQ                  0x20002c9c   0x30  Data  Gb  app.o [1]
EthernetPHYRead         0x00008305   0x20  Code  Gb  ethernet.o [1]
EthernetPHYWrite        0x000082e5   0x20  Code  Gb  ethernet.o [1]
FatFs                   0x20002d84    0x8  Data  Lc  fatfs.o [1]
GPIODirModeSet          0x00001d3d   0x46  Code  Gb  gpio.o [1]
GPIOIntTypeSet          0x00001d83   0x5a  Code  Gb  gpio.o [1]
GPIOPadConfigSet        0x00001ddd  0x10e  Code  Gb  gpio.o [1]
GPIOPinConfigure        0x00001fe7   0x46  Code  Gb  gpio.o [1]
GPIOPinIntClear         0x00001f23    0x8  Code  Gb  gpio.o [1]
GPIOPinIntDisable       0x00001efd   0x12  Code  Gb  gpio.o [1]
GPIOPinIntEnable        0x00001eeb   0x12  Code  Gb  gpio.o [1]
GPIOPinIntStatus        0x00001f0f   0x14  Code  Gb  gpio.o [1]
GPIOPinRead             0x00001f2b    0x8  Code  Gb  gpio.o [1]
GPIOPinTypeGPIOInput    0x00001f3d   0x22  Code  Gb  gpio.o [1]
GPIOPinTypeGPIOOutput   0x00001f5f   0x22  Code  Gb  gpio.o [1]
GPIOPinTypeI2C          0x00001f81   0x22  Code  Gb  gpio.o [1]
GPIOPinTypePWM          0x00001fa3   0x22  Code  Gb  gpio.o [1]
GPIOPinTypeSSI          0x00001fc5   0x22  Code  Gb  gpio.o [1]
GPIOPinWrite            0x00001f33    0xa  Code  Gb  gpio.o [1]
GetTagValue             0x00001187   0x38  Code  Gb  fatfs.o [1]
HEAP$$Base              0x20002e58          --   Gb  - Linker created -
HEAP$$Limit             0x20002e58          --   Gb  - Linker created -
I2CMasterControl        0x000079f9    0x4  Code  Gb  i2c.o [1]
I2CMasterDataPut        0x00007a1b    0x6  Code  Gb  i2c.o [1]
I2CMasterEnable         0x000079b3    0xa  Code  Gb  i2c.o [1]
I2CMasterErr            0x000079fd   0x1e  Code  Gb  i2c.o [1]
I2CMasterInitExpClk     0x00007975   0x3e  Code  Gb  i2c.o [1]
I2CMasterIntStatus      0x000079bd   0x26  Code  Gb  i2c.o [1]
I2CMasterSlaveAddrSet   0x000079ed    0xc  Code  Gb  i2c.o [1]
InStream_Read           0x00008501   0x22  Code  Lc  packbits_init.o [5]
IntWheelSensor          0x0000807b   0xd2  Code  Gb  app.o [1]
Left_tgt                0x20002e44    0x1  Data  Gb  app.o [1]
Mem_Clr                 0x00006d91    0xc  Code  Gb  lib_mem.o [1]
Mem_Set                 0x00006d9d   0x5a  Code  Gb  lib_mem.o [1]
MutexOne                0x20002ccc   0x2c  Data  Gb  app.o [1]
MutexThree              0x20002d24   0x2c  Data  Gb  app.o [1]
MutexTwo                0x20002cf8   0x2c  Data  Gb  app.o [1]
OSCfg_DataSizeRAM       0x00008a88    0x4  Data  Gb  os_cfg_app.o [1]
OSCfg_ISRStk            0x20001c2c  0x200  Data  Gb  os_cfg_app.o [1]
OSCfg_ISRStkBasePtr     0x00008a40    0x4  Data  Gb  os_cfg_app.o [1]
OSCfg_ISRStkSize        0x00008a44    0x4  Data  Gb  os_cfg_app.o [1]
OSCfg_ISRStkSizeRAM     0x00008a48    0x4  Data  Gb  os_cfg_app.o [1]
OSCfg_IdleTaskStk       0x20001a2c  0x200  Data  Gb  os_cfg_app.o [1]
OSCfg_IdleTaskStkBasePtr
                        0x00008a30    0x4  Data  Gb  os_cfg_app.o [1]
OSCfg_IdleTaskStkLimit  0x00008a34    0x4  Data  Gb  os_cfg_app.o [1]
OSCfg_IdleTaskStkSize   0x00008a38    0x4  Data  Gb  os_cfg_app.o [1]
OSCfg_IdleTaskStkSizeRAM
                        0x00008a3c    0x4  Data  Gb  os_cfg_app.o [1]
OSCfg_Init              0x000069ad   0xe0  Code  Gb  os_cfg_app.o [1]
OSCfg_MsgPool           0x2000019c  0x640  Data  Gb  os_cfg_app.o [1]
OSCfg_MsgPoolBasePtr    0x00008a50    0x4  Data  Gb  os_cfg_app.o [1]
OSCfg_MsgPoolSize       0x000025ce    0x2  Data  Gb  os_cfg_app.o [1]
OSCfg_MsgPoolSizeRAM    0x00008a4c    0x4  Data  Gb  os_cfg_app.o [1]
OSCfg_StkSizeMin        0x00008a54    0x4  Data  Gb  os_cfg_app.o [1]
OSCfg_TickRate_Hz       0x00008a58    0x4  Data  Gb  os_cfg_app.o [1]
OSCfg_TickTaskPrio      0x00008aa4    0x1  Data  Gb  os_cfg_app.o [1]
OSCfg_TickTaskStk       0x20001e2c  0x200  Data  Gb  os_cfg_app.o [1]
OSCfg_TickTaskStkBasePtr
                        0x00008a5c    0x4  Data  Gb  os_cfg_app.o [1]
OSCfg_TickTaskStkLimit  0x00008a60    0x4  Data  Gb  os_cfg_app.o [1]
OSCfg_TickTaskStkSize   0x00008a64    0x4  Data  Gb  os_cfg_app.o [1]
OSCfg_TickTaskStkSizeRAM
                        0x00008a68    0x4  Data  Gb  os_cfg_app.o [1]
OSCfg_TickWheel         0x20002b8c   0x68  Data  Gb  os_cfg_app.o [1]
OSCfg_TickWheelSize     0x00002646    0x2  Data  Gb  os_cfg_app.o [1]
OSCfg_TickWheelSizeRAM  0x00008a6c    0x4  Data  Gb  os_cfg_app.o [1]
OSCfg_TmrTaskPrio       0x00008aa5    0x1  Data  Gb  os_cfg_app.o [1]
OSCfg_TmrTaskRate_Hz    0x00008a70    0x4  Data  Gb  os_cfg_app.o [1]
OSCfg_TmrTaskStk        0x2000202c  0x200  Data  Gb  os_cfg_app.o [1]
OSCfg_TmrTaskStkBasePtr
                        0x00008a74    0x4  Data  Gb  os_cfg_app.o [1]
OSCfg_TmrTaskStkLimit   0x00008a78    0x4  Data  Gb  os_cfg_app.o [1]
OSCfg_TmrTaskStkSize    0x00008a7c    0x4  Data  Gb  os_cfg_app.o [1]
OSCfg_TmrTaskStkSizeRAM
                        0x00008a80    0x4  Data  Gb  os_cfg_app.o [1]
OSCfg_TmrWheel          0x20002bf4   0x68  Data  Gb  os_cfg_app.o [1]
OSCfg_TmrWheelSize      0x0000372e    0x2  Data  Gb  os_cfg_app.o [1]
OSCfg_TmrWheelSizeRAM   0x00008a84    0x4  Data  Gb  os_cfg_app.o [1]
OSDbg_AppHooksEn        0x00008aa7    0x1  Data  Gb  os_dbg.o [1]
OSDbg_ArgChkEn          0x00008aa6    0x1  Data  Gb  os_dbg.o [1]
OSDbg_CalledFromISRChkEn
                        0x00008aa8    0x1  Data  Gb  os_dbg.o [1]
OSDbg_DataSize          0x00008a94    0x4  Data  Gb  os_dbg.o [1]
OSDbg_DbgEn             0x00003746    0x2  Data  Gb  os_dbg.o [1]
OSDbg_EndiannessTest    0x00008a8c    0x4  Data  Gb  os_dbg.o [1]
OSDbg_FlagDelEn         0x00008aaa    0x1  Data  Gb  os_dbg.o [1]
OSDbg_FlagEn            0x00008aa9    0x1  Data  Gb  os_dbg.o [1]
OSDbg_FlagGrp           0x00008750   0x28  Data  Gb  os_dbg.o [1]
OSDbg_FlagGrpSize       0x000037aa    0x2  Data  Gb  os_dbg.o [1]
OSDbg_FlagModeClrEn     0x00008aab    0x1  Data  Gb  os_dbg.o [1]
OSDbg_FlagPendAbortEn   0x00008aac    0x1  Data  Gb  os_dbg.o [1]
OSDbg_FlagWidth         0x00003876    0x2  Data  Gb  os_dbg.o [1]
OSDbg_ISRPostDeferredEn
                        0x00008aad    0x1  Data  Gb  os_dbg.o [1]
OSDbg_Mem               0x00008838   0x20  Data  Gb  os_dbg.o [1]
OSDbg_MemEn             0x00008aae    0x1  Data  Gb  os_dbg.o [1]
OSDbg_MsgEn             0x00008aaf    0x1  Data  Gb  os_dbg.o [1]
OSDbg_MsgPoolSize       0x00003bfa    0x2  Data  Gb  os_dbg.o [1]
OSDbg_MsgQSize          0x00003c2a    0x2  Data  Gb  os_dbg.o [1]
OSDbg_MsgSize           0x000039e6    0x2  Data  Gb  os_dbg.o [1]
OSDbg_Mutex             0x00008724   0x2c  Data  Gb  os_dbg.o [1]
OSDbg_MutexDelEn        0x00008ab1    0x1  Data  Gb  os_dbg.o [1]
OSDbg_MutexEn           0x00008ab0    0x1  Data  Gb  os_dbg.o [1]
OSDbg_MutexPendAbortEn  0x00008ab2    0x1  Data  Gb  os_dbg.o [1]
OSDbg_MutexSize         0x00004186    0x2  Data  Gb  os_dbg.o [1]
OSDbg_ObjTypeChkEn      0x00008ab3    0x1  Data  Gb  os_dbg.o [1]
OSDbg_PendDataSize      0x00004202    0x2  Data  Gb  os_dbg.o [1]
OSDbg_PendListSize      0x000042a6    0x2  Data  Gb  os_dbg.o [1]
OSDbg_PendMultiEn       0x00008ab4    0x1  Data  Gb  os_dbg.o [1]
OSDbg_PendObjSize       0x0000437e    0x2  Data  Gb  os_dbg.o [1]
OSDbg_PrioMax           0x00006ab6    0x2  Data  Gb  os_dbg.o [1]
OSDbg_PrioTblSize       0x00006df6    0x2  Data  Gb  os_dbg.o [1]
OSDbg_PtrSize           0x000070f6    0x2  Data  Gb  os_dbg.o [1]
OSDbg_Q                 0x000086f4   0x30  Data  Gb  os_dbg.o [1]
OSDbg_QDelEn            0x00008ab6    0x1  Data  Gb  os_dbg.o [1]
OSDbg_QEn               0x00008ab5    0x1  Data  Gb  os_dbg.o [1]
OSDbg_QFlushEn          0x00008ab7    0x1  Data  Gb  os_dbg.o [1]
OSDbg_QPendAbortEn      0x00008ab8    0x1  Data  Gb  os_dbg.o [1]
OSDbg_QSize             0x000085b6    0x2  Data  Gb  os_dbg.o [1]
OSDbg_RdyList           0x000088ce    0x2  Data  Gb  os_dbg.o [1]
OSDbg_RdyListSize       0x00008a90    0x4  Data  Gb  os_dbg.o [1]
OSDbg_SchedRoundRobinEn
                        0x00008ab9    0x1  Data  Gb  os_dbg.o [1]
OSDbg_Sem               0x00008778   0x28  Data  Gb  os_dbg.o [1]
OSDbg_SemDelEn          0x00008abb    0x1  Data  Gb  os_dbg.o [1]
OSDbg_SemEn             0x00008aba    0x1  Data  Gb  os_dbg.o [1]
OSDbg_SemPendAbortEn    0x00008abc    0x1  Data  Gb  os_dbg.o [1]
OSDbg_SemSetEn          0x00008abd    0x1  Data  Gb  os_dbg.o [1]
OSDbg_SemSize           0x000088c2    0x2  Data  Gb  os_dbg.o [1]
OSDbg_StatTaskEn        0x00008abf    0x1  Data  Gb  os_dbg.o [1]
OSDbg_StatTaskStkChkEn  0x00008ac0    0x1  Data  Gb  os_dbg.o [1]
OSDbg_StkWidth          0x00008abe    0x1  Data  Gb  os_dbg.o [1]
OSDbg_TCBSize           0x00008a9a    0x2  Data  Gb  os_dbg.o [1]
OSDbg_TaskChangePrioEn  0x00008ac1    0x1  Data  Gb  os_dbg.o [1]
OSDbg_TaskDelEn         0x00008ac2    0x1  Data  Gb  os_dbg.o [1]
OSDbg_TaskProfileEn     0x00008ac5    0x1  Data  Gb  os_dbg.o [1]
OSDbg_TaskQEn           0x00008ac3    0x1  Data  Gb  os_dbg.o [1]
OSDbg_TaskQPendAbortEn  0x00008ac4    0x1  Data  Gb  os_dbg.o [1]
OSDbg_TaskRegTblSize    0x00008a98    0x2  Data  Gb  os_dbg.o [1]
OSDbg_TaskSemPendAbortEn
                        0x00008ac6    0x1  Data  Gb  os_dbg.o [1]
OSDbg_TaskSuspendEn     0x00008ac7    0x1  Data  Gb  os_dbg.o [1]
OSDbg_TickSpokeSize     0x00008a9c    0x2  Data  Gb  os_dbg.o [1]
OSDbg_TimeDlyHMSMEn     0x00008ac8    0x1  Data  Gb  os_dbg.o [1]
OSDbg_TimeDlyResumeEn   0x00008ac9    0x1  Data  Gb  os_dbg.o [1]
OSDbg_Tmr               0x000086c0   0x34  Data  Gb  os_dbg.o [1]
OSDbg_TmrDelEn          0x00008acb    0x1  Data  Gb  os_dbg.o [1]
OSDbg_TmrEn             0x00008aca    0x1  Data  Gb  os_dbg.o [1]
OSDbg_TmrSize           0x00008a9e    0x2  Data  Gb  os_dbg.o [1]
OSDbg_TmrSpokeSize      0x00008aa0    0x2  Data  Gb  os_dbg.o [1]
OSDbg_VersionNbr        0x00008aa2    0x2  Data  Gb  os_dbg.o [1]
OSFlagDbgListPtr        0x20002de4    0x4  Data  Gb  os_var.o [1]
OSFlagQty               0x20002e3a    0x2  Data  Gb  os_var.o [1]
OSIdleTaskCtr           0x20002de0    0x4  Data  Gb  os_var.o [1]
OSIdleTaskHook          0x00004e45   0x12  Code  Gb  os_cpu_c.o [1]
OSIdleTaskTCB           0x20002958   0xbc  Data  Gb  os_var.o [1]
OSInit                  0x00004381  0x130  Code  Gb  os_core.o [1]
OSInitHook              0x00004e57   0x14  Code  Gb  os_cpu_c.o [1]
OSIntEnter              0x000044b1   0x24  Code  Gb  os_core.o [1]
OSIntExit               0x000044d5   0xc8  Code  Gb  os_core.o [1]
OSIntNestingCtr         0x20002e4d    0x1  Data  Gb  os_var.o [1]
OSMsgPool               0x20002d8c    0x8  Data  Gb  os_var.o [1]
OSMutexCreate           0x00005d81   0x7a  Code  Gb  os_mutex.o [1]
OSMutexDbgListPtr       0x20002de8    0x4  Data  Gb  os_var.o [1]
OSMutexPend             0x00005dfb  0x248  Code  Gb  os_mutex.o [1]
OSMutexPost             0x00006043  0x134  Code  Gb  os_mutex.o [1]
OSMutexQty              0x20002e3c    0x2  Data  Gb  os_var.o [1]
OSPrioCur               0x20002e4f    0x1  Data  Gb  os_var.o [1]
OSPrioHighRdy           0x20002e50    0x1  Data  Gb  os_var.o [1]
OSPrioTbl               0x20002dc0    0x4  Data  Gb  os_prio.o [1]
OSQCreate               0x000061d1   0x82  Code  Gb  os_q.o [1]
OSQDbgListPtr           0x20002dec    0x4  Data  Gb  os_var.o [1]
OSQPend                 0x00006253  0x1da  Code  Gb  os_q.o [1]
OSQQty                  0x20002e3e    0x2  Data  Gb  os_var.o [1]
OSRdyList               0x20002344   0xf0  Data  Gb  os_var.o [1]
OSRunning               0x20002e4e    0x1  Data  Gb  os_var.o [1]
OSSched                 0x0000459d   0x8e  Code  Gb  os_core.o [1]
OSSchedLock             0x0000462b   0x68  Code  Gb  os_core.o [1]
OSSchedLockNestingCtr   0x20002e51    0x1  Data  Gb  os_var.o [1]
OSSchedLockTimeBegin    0x20002df0    0x4  Data  Gb  os_var.o [1]
OSSchedLockTimeMax      0x20002df4    0x4  Data  Gb  os_var.o [1]
OSSchedLockTimeMaxCur   0x20002df8    0x4  Data  Gb  os_var.o [1]
OSSchedRoundRobinDfltTimeQuanta
                        0x20002dfc    0x4  Data  Gb  os_var.o [1]
OSSchedRoundRobinEn     0x20002e52    0x1  Data  Gb  os_var.o [1]
OSSchedUnlock           0x00004693   0x88  Code  Gb  os_core.o [1]
OSSemDbgListPtr         0x20002e00    0x4  Data  Gb  os_var.o [1]
OSSemQty                0x20002e40    0x2  Data  Gb  os_var.o [1]
OSStart                 0x0000471b   0x64  Code  Gb  os_core.o [1]
OSStartHighRdy          0x00006c59         Code  Gb  os_cpu_a.o [1]
OSTCBCurPtr             0x20002e28    0x4  Data  Gb  os_var.o [1]
OSTCBHighRdyPtr         0x20002e2c    0x4  Data  Gb  os_var.o [1]
OSTaskCreate            0x000050e9  0x18a  Code  Gb  os_task.o [1]
OSTaskCreateHook        0x00004e6b   0x12  Code  Gb  os_cpu_c.o [1]
OSTaskCtxSwCtr          0x20002e04    0x4  Data  Gb  os_var.o [1]
OSTaskDbgListPtr        0x20002e08    0x4  Data  Gb  os_var.o [1]
OSTaskDel               0x00005273  0x104  Code  Gb  os_task.o [1]
OSTaskDelHook           0x00004e7d   0x12  Code  Gb  os_cpu_c.o [1]
OSTaskQty               0x20002e42    0x2  Data  Gb  os_var.o [1]
OSTaskReturnHook        0x00004e8f   0x12  Code  Gb  os_cpu_c.o [1]
OSTaskSemPend           0x00005377  0x1ce  Code  Gb  os_task.o [1]
OSTaskSemPost           0x00005545   0x1c  Code  Gb  os_task.o [1]
OSTaskStkInit           0x00004ea1   0x80  Code  Gb  os_cpu_c.o [1]
OSTaskSwHook            0x00004f21   0x90  Code  Gb  os_cpu_c.o [1]
OSTickCtr               0x20002e0c    0x4  Data  Gb  os_var.o [1]
OSTickTaskTCB           0x20002a14   0xbc  Data  Gb  os_var.o [1]
OSTickTaskTimeMax       0x20002e10    0x4  Data  Gb  os_var.o [1]
OSTimeGet               0x00006d05   0x26  Code  Gb  os_time.o [1]
OSTimeTick              0x00006d2b   0x4a  Code  Gb  os_time.o [1]
OSTimeTickHook          0x00004fb1   0x12  Code  Gb  os_cpu_c.o [1]
OSTmrDbgListPtr         0x20002e14    0x4  Data  Gb  os_var.o [1]
OSTmrTaskTCB            0x20002ad0   0xbc  Data  Gb  os_var.o [1]
OSTmrTaskTimeMax        0x20002e18    0x4  Data  Gb  os_var.o [1]
OSTmrTickCtr            0x20002e1c    0x4  Data  Gb  os_var.o [1]
OSTmrUpdateCnt          0x20002e20    0x4  Data  Gb  os_var.o [1]
OSTmrUpdateCtr          0x20002e24    0x4  Data  Gb  os_var.o [1]
OS_AppIdleTaskHookPtr   0x20002dd0    0x4  Data  Gb  os_var.o [1]
OS_AppStatTaskHookPtr   0x20002dd4    0x4  Data  Gb  os_var.o [1]
OS_AppTaskCreateHookPtr
                        0x20002dc4    0x4  Data  Gb  os_var.o [1]
OS_AppTaskDelHookPtr    0x20002dc8    0x4  Data  Gb  os_var.o [1]
OS_AppTaskReturnHookPtr
                        0x20002dcc    0x4  Data  Gb  os_var.o [1]
OS_AppTaskSwHookPtr     0x20002dd8    0x4  Data  Gb  os_var.o [1]
OS_AppTimeTickHookPtr   0x20002ddc    0x4  Data  Gb  os_var.o [1]
OS_CPU_ExceptStkBase    0x20002dbc    0x4  Data  Gb  os_cpu_c.o [1]
OS_CPU_PendSVHandler    0x00006c77         Code  Gb  os_cpu_a.o [1]
OS_CPU_SysTickHandler   0x00004fc3   0x2c  Code  Gb  os_cpu_c.o [1]
OS_CPU_SysTickInit      0x00004fef   0x2c  Code  Gb  os_cpu_c.o [1]
OS_Dbg_Init             0x00006785  0x228  Code  Gb  os_dbg.o [1]
OS_FlagInit             0x00005c09   0x12  Code  Gb  os_flag.o [1]
OS_IdleTask             0x0000477f   0x2c  Code  Gb  os_core.o [1]
OS_IdleTaskInit         0x000047ab   0x50  Code  Gb  os_core.o [1]
OS_MsgPoolCreate        0x00005c25   0x3c  Code  Gb  os_msg.o [1]
OS_MsgPoolInit          0x00005c61   0x4c  Code  Gb  os_msg.o [1]
OS_MsgQFreeAll          0x00005cad   0x44  Code  Gb  os_msg.o [1]
OS_MsgQGet              0x00005d05   0x70  Code  Gb  os_msg.o [1]
OS_MsgQInit             0x00005cf1   0x14  Code  Gb  os_msg.o [1]
OS_MutexDbgListAdd      0x00006177   0x28  Code  Gb  os_mutex.o [1]
OS_MutexInit            0x0000619f   0x12  Code  Gb  os_mutex.o [1]
OS_Pend                 0x000047fb   0x6c  Code  Gb  os_core.o [1]
OS_PendDataInit         0x00004867   0x34  Code  Gb  os_core.o [1]
OS_PendDbgNameAdd       0x0000489b   0x42  Code  Gb  os_core.o [1]
OS_PendDbgNameRemove    0x000048dd   0x1e  Code  Gb  os_core.o [1]
OS_PendListChangePrio   0x000048fb   0x34  Code  Gb  os_core.o [1]
OS_PendListInit         0x0000492f    0xe  Code  Gb  os_core.o [1]
OS_PendListInsertPrio   0x0000493d   0x6e  Code  Gb  os_core.o [1]
OS_PendListRemove       0x000049ab   0x28  Code  Gb  os_core.o [1]
OS_PendListRemove1      0x000049d3   0x48  Code  Gb  os_core.o [1]
OS_Post                 0x00004a1b   0xc0  Code  Gb  os_core.o [1]
OS_Post1                0x00004adb   0x26  Code  Gb  os_core.o [1]
OS_PrioGetHighest       0x00005075   0x20  Code  Gb  os_prio.o [1]
OS_PrioInit             0x00005061   0x14  Code  Gb  os_prio.o [1]
OS_PrioInsert           0x00005095   0x26  Code  Gb  os_prio.o [1]
OS_PrioRemove           0x000050bb   0x28  Code  Gb  os_prio.o [1]
OS_QDbgListAdd          0x0000642d   0x28  Code  Gb  os_q.o [1]
OS_QInit                0x00006455   0x12  Code  Gb  os_q.o [1]
OS_RdyListInit          0x00004b01   0x24  Code  Gb  os_core.o [1]
OS_RdyListInsert        0x00004b2d   0x28  Code  Gb  os_core.o [1]
OS_RdyListInsertHead    0x00004b55   0x3a  Code  Gb  os_core.o [1]
OS_RdyListInsertTail    0x00004b8f   0x38  Code  Gb  os_core.o [1]
OS_RdyListMoveHeadToTail
                        0x00004bc7   0x40  Code  Gb  os_core.o [1]
OS_RdyListRemove        0x00004c07   0x5c  Code  Gb  os_core.o [1]
OS_SchedLockTimeMeasStart
                        0x00004c6d   0x14  Code  Gb  os_core.o [1]
OS_SchedLockTimeMeasStop
                        0x00004c9d   0x2e  Code  Gb  os_core.o [1]
OS_SchedRoundRobin      0x00004ced   0xa6  Code  Gb  os_core.o [1]
OS_SemInit              0x00006485   0x12  Code  Gb  os_sem.o [1]
OS_TaskBlock            0x00004df1   0x3a  Code  Gb  os_core.o [1]
OS_TaskDbgListAdd       0x00005561   0x2e  Code  Gb  os_task.o [1]
OS_TaskDbgListRemove    0x0000558f   0x4a  Code  Gb  os_task.o [1]
OS_TaskInit             0x000055d9   0x18  Code  Gb  os_task.o [1]
OS_TaskInitTCB          0x000055f1  0x108  Code  Gb  os_task.o [1]
OS_TaskRdy              0x00004e2b   0x1a  Code  Gb  os_core.o [1]
OS_TaskReturn           0x00005701   0x14  Code  Gb  os_task.o [1]
OS_TaskSemPost          0x0000571d   0xd4  Code  Gb  os_task.o [1]
OS_TickListInit         0x000058b1   0x2a  Code  Gb  os_tick.o [1]
OS_TickListInsert       0x000058db  0x11c  Code  Gb  os_tick.o [1]
OS_TickListRemove       0x000059f7   0x42  Code  Gb  os_tick.o [1]
OS_TickListUpdate       0x00005a39  0x198  Code  Gb  os_tick.o [1]
OS_TickTask             0x00005815   0x28  Code  Gb  os_tick.o [1]
OS_TickTaskInit         0x0000583d   0x74  Code  Gb  os_tick.o [1]
OS_TmrInit              0x000064a1   0xda  Code  Gb  os_tmr.o [1]
OS_TmrLink              0x0000657b   0xd0  Code  Gb  os_tmr.o [1]
OS_TmrTask              0x00006699   0xaa  Code  Gb  os_tmr.o [1]
OS_TmrUnlink            0x0000664b   0x4c  Code  Gb  os_tmr.o [1]
PWMGenConfigure         0x00007a21   0x28  Code  Gb  pwm.o [1]
PWMGenEnable            0x00007a5d    0xa  Code  Gb  pwm.o [1]
PWMGenPeriodSet         0x00007a49   0x14  Code  Gb  pwm.o [1]
PWMOutputInvert         0x00007aa3   0x16  Code  Gb  pwm.o [1]
PWMOutputState          0x00007a8d   0x16  Code  Gb  pwm.o [1]
PWMPulseWidthSet        0x00007a67   0x26  Code  Gb  pwm.o [1]
PowerFlag               0x20002e4c    0x1  Data  Lc  microsd.o [1]
Region$$Table$$Base     0x000087ec          --   Gb  - Linker created -
Region$$Table$$Limit    0x00008818          --   Gb  - Linker created -
Right_tgt               0x20002e45    0x1  Data  Gb  app.o [1]
RoboTurn                0x00008169   0xc6  Code  Gb  app.o [1]
SELECT                  0x00001451   0x1c  Code  Lc  microsd.o [1]
SSIConfigSetExpClk      0x00002039   0x76  Code  Gb  ssi.o [1]
SSIDataGet              0x000020cd    0xc  Code  Gb  ssi.o [1]
SSIDataPut              0x000020c3    0xa  Code  Gb  ssi.o [1]
SSIDisable              0x000020b9    0xa  Code  Gb  ssi.o [1]
SSIEnable               0x000020af    0xa  Code  Gb  ssi.o [1]
Stat                    0x20000198    0x1  Data  Lc  microsd.o [1]
SysCtlClockGet          0x000022ef  0x200  Code  Gb  sysctl.o [1]
SysCtlClockSet          0x0000218d  0x162  Code  Gb  sysctl.o [1]
SysCtlDelay             0x00002185    0x8  Code  Gb  sysctl.o [1]
SysCtlPWMClockSet       0x000024ef   0x10  Code  Gb  sysctl.o [1]
SysCtlPeripheralDeepSleepDisable
                        0x0000215f   0x26  Code  Gb  sysctl.o [1]
SysCtlPeripheralEnable  0x00002139   0x26  Code  Gb  sysctl.o [1]
SysCtlPeripheralReset   0x000020d9   0x60  Code  Gb  sysctl.o [1]
Timer1                  0x20002e49    0x1  Data  Lc  microsd.o [1]
Timer2                  0x20002e4a    0x1  Data  Lc  microsd.o [1]
_EncodingSb_Mbtowc      0x00004233   0x30  Code  Gb  xencoding_sb.o [3]
_EncodingSb_Wctomb      0x00004219   0x1a  Code  Gb  xencoding_sb.o [3]
_GenldFull              0x0000347d  0x248  Code  Lc  xprintffull.o [3]
_IsdstStr               0x2000008c    0x4  Data  Gb  setlocale.o [3]
_LdtobFull              0x000030b5  0x3c2  Code  Lc  xprintffull.o [3]
_LitobFull              0x00002f57  0x10c  Code  Lc  xprintffull.o [3]
_LocaleEncoding         0x00004205    0xe  Code  Gb  setlocale.o [3]
_LocaleReturnString     0x200000ac   0x50  Data  Lc  setlocale.o [3]
_Locale_Profile         0x20000090   0x1c  Data  Gb  setlocale.o [3]
_Locale_aeabi_lconv     0x20000050   0x38  Data  Gb  localeconv.o [3]
_Locale_lconv           0x20000000   0x50  Data  Gb  localeconv.o [3]
_Mbtowc                 0x0000370f   0x20  Code  Gb  xmbtowc.o [3]
_PrintfFull             0x00002649  0x5b6  Code  Gb  xprintffull.o [3]
_PutcharsFull           0x000036c5   0x2e  Code  Lc  xprintffull.o [3]
_PutstrFull             0x00002c15  0x33c  Code  Lc  xprintffull.o [3]
_SProut                 0x00001c9f    0xa  Code  Gb  xsprout.o [3]
_TzoneStr               0x20000088    0x4  Data  Gb  setlocale.o [3]
_Wctomb                 0x0000385d   0x1a  Code  Gb  xwctomb.o [3]
__aeabi_cdcmple         0x00003bcd         Code  Gb  DblCmpLe.o [4]
__aeabi_cdrcmple        0x00003bfd         Code  Gb  DblCmpGe.o [4]
__aeabi_d2iz            0x00003d39         Code  Gb  DblToI32.o [4]
__aeabi_d2uiz           0x00003d65         Code  Gb  DblToI32.o [4]
__aeabi_ddiv            0x00003f41         Code  Gb  DblDiv.o [4]
__aeabi_dmul            0x000039e9         Code  Gb  DblMul.o [4]
__aeabi_dsub            0x00003dc1         Code  Gb  DblSub.o [4]
__aeabi_i2d             0x00003d91         Code  Gb  I32ToDbl.o [4]
__aeabi_ldiv0           0x000042a5         Code  Gb  I64DivZer.o [5]
__aeabi_memcpy          0x000025d1         Code  Gb  ABImemcpy.o [5]
__aeabi_memcpy4         0x000025f1         Code  Gb  ABImemcpy.o [5]
__aeabi_memcpy8         0x000025f1         Code  Gb  ABImemcpy.o [5]
__aeabi_memset          0x00002569         Code  Gb  ABImemset.o [5]
__aeabi_ui2d            0x00003da5         Code  Gb  I32ToDbl.o [4]
__aeabi_uldivmod        0x000038f9         Code  Gb  I64DivMod.o [5]
__cmain                 0x000088a5         Code  Gb  cmain.o [5]
__data_Aldata           0x20002d94    0x8  Data  Gb  xxmemxmalloc.o [3]
__data_GetMemChunk      0x00004279   0x2c  Code  Gb  xgetmemchunk.o [3]
__exit                  0x000085b9   0x14  Code  Gb  exit.o [6]
__iar_Dnorm             0x00003b8b   0x42  Code  Gb  xdnorm.o [4]
__iar_Dscale            0x00003c2d  0x10c  Code  Gb  xdscale.o [4]
__iar_Locale_lconv_init
                        0x00004189   0x3a  Code  Gb  localeconv.o [3]
__iar_Mbcurmax          0x000037a1    0xa  Code  Gb  xmbcurmax.o [3]
__iar_Memchr            0x00003749         Code  Gb  memchr.o [5]
__iar_Memset            0x00002569         Code  Gb  ABImemset.o [5]
__iar_Memset_word       0x00002571         Code  Gb  ABImemset.o [5]
__iar_Strchr            0x00003731         Code  Gb  strchr.o [5]
__iar_d2uiz             0x00003d71         Code  Gb  DblToI32.o [4]
__iar_dadd              0x000042a9         Code  Gb  DblAdd.o [4]
__iar_data_init3        0x000087a1   0x28  Code  Gb  data_init.o [5]
__iar_dlib_perthread_access
                        0x0000437d    0x2  Code  Gb  xtls.o [3]
__iar_dsub              0x00003dd5         Code  Gb  DblSub.o [4]
__iar_dsubStart         0x00003de7         Code  Gb  DblSub.o [4]
__iar_packbits_init3    0x00008523   0x8e  Code  Gb  packbits_init.o [5]
__iar_program_start     0x000089d9         Code  Gb  cstartup_M.o [5]
__iar_strcmp            0x000013ed         Code  Gb  strcmp.o [5]
__iar_ui2d              0x00003da9         Code  Gb  I32ToDbl.o [4]
__iar_zero_init3        0x0000142f   0x22  Code  Gb  zero_init3.o [5]
__low_level_init        0x000088bb    0x4  Code  Gb  low_level_init.o [3]
__vector_table          0x00000000  0x11c  Data  Gb  app_vect.o [1]
_call_main              0x000088b1         Code  Gb  cmain.o [5]
_exit                   0x000088c5         Code  Gb  cexit.o [5]
_main                   0x000088b7         Code  Gb  cmain.o [5]
abort                   0x000085b1    0x6  Code  Gb  abort.o [3]
auto_mount              0x000008ef  0x18a  Code  Lc  fatfs.o [1]
check_fs                0x0000088f   0x60  Code  Lc  fatfs.o [1]
chk_power               0x000015fd    0x8  Code  Lc  microsd.o [1]
clust2sect              0x00000509   0x1a  Code  Lc  fatfs.o [1]
create_chain            0x00000467   0xa2  Code  Lc  fatfs.o [1]
disk_initialize         0x00001727  0x17a  Code  Gb  microsd.o [1]
disk_ioctl              0x00001a1f  0x188  Code  Gb  microsd.o [1]
disk_read               0x000018b3   0xa2  Code  Gb  microsd.o [1]
disk_status             0x000018a1   0x12  Code  Gb  microsd.o [1]
disk_write              0x00001955   0xca  Code  Gb  microsd.o [1]
div                     0x000041f5    0xe  Code  Gb  div.o [3]
exit                    0x000088bf    0x4  Code  Gb  exit.o [3]
f_close                 0x0000104b   0x18  Code  Gb  fatfs.o [1]
f_lseek                 0x00001063  0x124  Code  Gb  fatfs.o [1]
f_mount                 0x00000a9f   0x42  Code  Gb  fatfs.o [1]
f_open                  0x00000af5  0x176  Code  Gb  fatfs.o [1]
f_read                  0x00000c6b  0x194  Code  Gb  fatfs.o [1]
f_sync                  0x00000fc9   0x82  Code  Gb  fatfs.o [1]
f_write                 0x00000dff  0x1ca  Code  Gb  fatfs.o [1]
free                    0x00003879   0x7a  Code  Gb  xxmemxfree.o [3]
fsid                    0x20002e38    0x2  Data  Lc  fatfs.o [1]
g_cCmdBuf               0x2000016c   0x20  Data  Gb  app.o [1]
g_cCwdBuf               0x200000fc   0x40  Data  Lc  fatfs.o [1]
g_cTmpBuf               0x20002c5c   0x40  Data  Lc  fatfs.o [1]
g_pucFont               0x00008324  0x1dc  Data  Lc  bsp_display.o [1]
g_pucRITInit            0x00008628   0x50  Data  Lc  bsp_display.o [1]
g_pucRow1               0x000089e4    0x8  Data  Lc  bsp_display.o [1]
g_pucRow2               0x000089ec    0x8  Data  Lc  bsp_display.o [1]
g_pulDCGCRegs           0x000089c0    0xc  Data  Lc  sysctl.o [1]
g_pulGPIOBaseAddrs      0x00008678   0x48  Data  Lc  gpio.o [1]
g_pulRCGCRegs           0x000089b4    0xc  Data  Lc  sysctl.o [1]
g_pulSRCRRegs           0x000089a8    0xc  Data  Lc  sysctl.o [1]
g_pulXtals              0x000085cc   0x5c  Data  Lc  sysctl.o [1]
g_sCmdTable             0x2000013c   0x30  Data  Gb  fatfs.o [1]
g_sFatFs                0x200007dc  0x22c  Data  Lc  app.o [1]
g_sFileObject           0x20000a08  0x224  Data  Lc  fatfs.o [1]
g_ucColumnAdjust        0x20000194    0x4  Data  Lc  bsp_display.o [1]
g_ulDelay               0x20002da0    0x4  Data  Lc  bsp_display.o [1]
get_cluster             0x0000023b   0xda  Code  Lc  fatfs.o [1]
get_fattime             0x00001ba7    0x4  Code  Gb  microsd.o [1]
iCounter                0x2000018c    0x4  Data  Gb  app.o [1]
iMove                   0x20000190    0x4  Data  Gb  app.o [1]
localeconv              0x000041c3   0x16  Code  Gb  localeconv.o [3]
main                    0x00007ab9   0x52  Code  Gb  app.o [1]
make_dirfile            0x00000585  0x120  Code  Lc  fatfs.o [1]
malloc                  0x000037ad   0xac  Code  Gb  xxmemxmalloc.o [3]
memchr                  0x00003749         Code  Gb  memchr.o [5]
memcmp                  0x00001bf9         Code  Gb  memcmp.o [5]
memcpy                  0x00001c5b    0xe  Code  Gb  fatfs.o [1]
memset                  0x00001be5   0x14  Code  Gb  fatfs.o [1]
move_window             0x00000189   0x80  Code  Lc  fatfs.o [1]
next_dir_entry          0x00000523   0x62  Code  Lc  fatfs.o [1]
power_off               0x000015f3    0xa  Code  Lc  microsd.o [1]
power_on                0x000014ff   0xb6  Code  Lc  microsd.o [1]
put_cluster             0x00000315  0x108  Code  Lc  fatfs.o [1]
rcvr_datablock          0x00001605   0x4e  Code  Lc  microsd.o [1]
rcvr_spi                0x0000147f    0x6  Code  Lc  microsd.o [1]
rcvr_spi_m              0x00001485    0xc  Code  Lc  microsd.o [1]
remove_chain            0x0000041d   0x4a  Code  Lc  fatfs.o [1]
reserve_direntry        0x000007b3   0xdc  Code  Lc  fatfs.o [1]
scale                   0x00003069   0x46  Code  Lc  xprintffull.o [3]
send_cmd                0x000016b1   0x76  Code  Lc  microsd.o [1]
send_initial_clock_train
                        0x000014b7   0x48  Code  Lc  microsd.o [1]
set_max_speed           0x000015b5   0x3e  Code  Lc  microsd.o [1]
sprintf                 0x00001d09   0x34  Code  Gb  sprintf.o [3]
strcat                  0x00001ced   0x1c  Code  Gb  strcat.o [3]
strchr                  0x00003731         Code  Gb  strchr.o [5]
strcmp                  0x000013ed         Code  Gb  strcmp.o [5]
strcpy                  0x00001ca9         Code  Gb  strcpy.o [5]
strlen                  0x00001c69         Code  Gb  strlen.o [5]
sync                    0x00000209   0x32  Code  Lc  fatfs.o [1]
trace_path              0x000006a5  0x10e  Code  Lc  fatfs.o [1]
validate                0x00000a79   0x26  Code  Lc  fatfs.o [1]
wait_ready              0x00001491   0x26  Code  Lc  microsd.o [1]
xmit_datablock          0x00001653   0x5e  Code  Lc  microsd.o [1]
xmit_spi                0x0000147d    0x2  Code  Lc  microsd.o [1]


[1] = G:\CE4053\CE4053_PG\Micrium\Software\EvalBoards\TI\LM3S9B92-EVALBOT\IAR\uCOS-III-CE4053_PG\Flash\Obj
[2] = command line
[3] = dl7M_tlf.a
[4] = m7M_tl.a
[5] = rt7M_tl.a
[6] = shb_l.a

  33 562 bytes of readonly  code memory
   2 051 bytes of readonly  data memory
  12 880 bytes of readwrite data memory

Errors: none
Warnings: none
